# MOSAIC GAME LOG
# {"timestamp": "20260904_194912", "seed": 771522, "players": ["Spieler 1", "KI"], "first_player": 0, "ai_enabled": true, "ai_player": 1, "ai_model": "v23-b01_k3p10", "ai_sims": 400, "teacher_level": 0, "teacher_sims": null, "teacher_coach_sims": null}
# ============================================================
[R1] Spiel gestartet. Spieler 1 beginnt.
[R1] Wertungsplatten gewählt: [0, 6, 2]
[R1] KI: Startkachel 3 → (0,0) rot=0°
[R1] Spieler 1: Startkachel 0 → (0,0) rot=0°
#a {"a":{"color":"gelb","factory_id":2,"moon_order":["rot","blau","schwarz"],"row":0,"source":"SMALL_FACTORY_SUN","type":"stone"},"id":65,"p":0}
[R1] ☀️  Spieler 1: 1× gelb von F2 → Reihe 1 [1/1]
[R1] 🌙 F2 Mond-Stapel: (rot, blau→schwarz)
#a {"a":{"color":"blau","factory_index":0,"moon_order":["rot","türkis"],"row":1,"type":"stone"},"id":22,"p":1}
[R1] ☀️  KI: 2× blau von F1 → Reihe 2 [2/2]
[R1] 🌙 F1 Mond-Stapel: (rot→türkis)
#a {"a":{"color":"türkis","factory_id":null,"moon_order":[],"row":1,"source":"SMALL_FACTORY_MOON","type":"stone"},"id":219,"p":0}
[R1] 🌙 Spieler 1: 1 (1)× türkis von F1 → Reihe 2 [1/2]
[R1] 🌙 F1 Mond-Stapel: (rot)
#a {"a":{"color":"schwarz","factory_index":5,"moon_order":[],"row":0,"type":"stone"},"id":165,"p":1}
[R1] 🌙 KI: 1 (1)× schwarz von F2 → Reihe 1 [1/1]
[R1] 🌙 F2 Mond-Stapel: (rot→blau)
#a {"a":{"color":"türkis","factory_id":3,"moon_order":["rot","blau","gelb"],"row":1,"source":"SMALL_FACTORY_SUN","type":"stone"},"id":216,"p":0}
[R1] ☀️  Spieler 1: 1× türkis von F3 → Reihe 2 [2/2]
[R1] 🌙 F3 Mond-Stapel: (rot, blau→gelb)
#a {"a":{"display_index":1,"slot_col":0,"slot_row":2,"type":"choose_dome_slot"},"id":343,"p":1}
#a {"a":{"rotation":90,"type":"choose_dome_rotation"},"id":392,"p":1}
[R1] KI: Kachel 2 → Slot (2,0) rot=90° [Plättchen 1/2]
#a {"a":{"id_rotation":391,"rotation":0,"slot_col":1,"slot_row":1,"tile_id":5,"type":"dome_display"},"id":341,"p":0}
[R1] Spieler 1: Kachel 5 → Slot (1,1) rot=0° [Plättchen 1/2]
#a {"a":{"color":"blau","factory_index":4,"moon_order":[],"row":4,"type":"stone"},"id":44,"p":1}
[R1] ☀️  KI: 2× blau von GF → Reihe 5 [2/5]
#a {"a":{"color":"rot","factory_id":null,"moon_order":[],"row":4,"source":"SMALL_FACTORY_MOON","type":"stone"},"id":141,"p":0}
[R1] ❖ Spieler 1: Startspielerstein genommen (−2 Pkt am Rundenende → aktuell 5 Pkt)
[R1] 🌙 Spieler 1: 2 (1+1)× rot von F1, GF → Reihe 5 [2/5]
[R1] 🌙 F1 Mond-Stapel: leer
[R1] 🎴 F1: Bonusplättchen aufgedeckt!
[R1] 🌙 GF Moon-Pool: (türkis, schwarz)
#a {"a":{"color":"rot","factory_index":3,"moon_order":["schwarz","türkis","gelb"],"row":5,"type":"stone"},"id":145,"p":1}
[R1] ☀️  KI: 1× rot von F4 → Reihe 6 [1/6]
[R1] 🌙 F4 Mond-Stapel: (schwarz, türkis→gelb)
#a {"a":{"factory_id":1,"type":"bonus_chip"},"id":401,"p":0}
[R1] Spieler 1: Bonusplättchen von Fabrik 1 genommen [1/2 diese Runde]
#a {"a":{"display_index":0,"slot_col":0,"slot_row":1,"type":"choose_dome_slot"},"id":331,"p":1}
#a {"a":{"rotation":270,"type":"choose_dome_rotation"},"id":394,"p":1}
[R1] KI: Kachel 17 → Slot (1,0) rot=270° [Plättchen 2/2]
#a {"a":{"color":"gelb","factory_id":null,"moon_order":[],"row":3,"source":"SMALL_FACTORY_MOON","type":"stone"},"id":87,"p":0}
[R1] 🌙 Spieler 1: 2 (1+1)× gelb von F3, F4 → Reihe 4 [2/4]
[R1] 🌙 F3 Mond-Stapel: (rot→blau)
[R1] 🌙 F4 Mond-Stapel: (schwarz→türkis)
#a {"a":{"color":"blau","factory_index":5,"moon_order":[],"row":4,"type":"stone"},"id":45,"p":1}
[R1] 🌙 KI: 2 (1+1)× blau von F2, F3 → Reihe 5 [4/5]
[R1] 🌙 F2 Mond-Stapel: (rot)
[R1] 🌙 F3 Mond-Stapel: (rot)
#a {"a":{"color":"rot","factory_id":null,"moon_order":[],"row":4,"source":"SMALL_FACTORY_MOON","type":"stone"},"id":141,"p":0}
[R1] 🌙 Spieler 1: 2 (1+1)× rot von F2, F3 → Reihe 5 [4/5]
[R1] 🌙 F2 Mond-Stapel: leer
[R1] 🎴 F2: Bonusplättchen aufgedeckt!
[R1] 🌙 F3 Mond-Stapel: leer
[R1] 🎴 F3: Bonusplättchen aufgedeckt!
#a {"a":{"factory_index":1,"type":"bonus_chip"},"id":402,"p":1}
[R1] KI: Bonusplättchen von Fabrik 2 genommen [1/2 diese Runde]
#a {"a":{"type":"dome_stack_peek"},"id":405,"p":0}
[R1] 📦 Spieler 1: 1. Kachel vom Stapel gezogen (Rückseite: Special) −1 Pkt → 4 Gesamt
#a {"a":{"chosen_id":8,"id_rotation":391,"return_order":[],"rotation":0,"slot_col":2,"slot_row":0,"type":"dome_stack_choose"},"id":357,"p":0}
[R1] Spieler 1: Kachel 8 → Slot (0,2) rot=0° [Plättchen 2/2]
#a {"a":{"color":"türkis","factory_index":5,"moon_order":[],"row":2,"type":"stone"},"id":225,"p":1}
[R1] 🌙 KI: 2 (1+1)× türkis von F4, GF → Reihe 3 [2/3]
[R1] 🌙 F4 Mond-Stapel: (schwarz)
[R1] 🌙 GF Moon-Pool: (schwarz)
#a {"a":{"factory_id":3,"type":"bonus_chip"},"id":403,"p":0}
[R1] Spieler 1: Bonusplättchen von Fabrik 3 genommen [2/2 diese Runde]
#a {"a":{"color":"schwarz","factory_index":5,"moon_order":[],"row":3,"type":"stone"},"id":183,"p":1}
[R1] 🌙 KI: 2 (1+1)× schwarz von F4, GF → Reihe 4 [2/4]
[R1] 🌙 F4 Mond-Stapel: leer
[R1] 🎴 F4: Bonusplättchen aufgedeckt!
[R1] 🌙 GF Moon-Pool: leer
#a {"a":{"factory_index":3,"type":"bonus_chip"},"id":404,"p":1}
[R1] KI: Bonusplättchen von Fabrik 4 genommen [2/2 diese Runde]
[R1] Tiling-Phase beginnt.
[R1] Spieler 1: gelb → Slot (0,0) Space 0
[R1] 🎯 Spieler 1: +1 Pkt (Reihe 1 → Kuppel 1/1 - alleinstehend)
[R1] Spieler 1: türkis → Slot (0,0) Space 2
[R1] 🎯 Spieler 1: +2 Pkt (Reihe 2 → Kuppel 1/1 - 2 vertikal)
[R1] KI: schwarz → Slot (0,0) Space 0
[R1] 🎯 KI: +1 Pkt (Reihe 1 → Kuppel 1/1 - alleinstehend)
[R1] KI: blau → Slot (0,0) Space 3
[R1] 🎯 KI: +1 Pkt (Reihe 2 → Kuppel 1/1 - alleinstehend)
[R1] Spieler 1: Strafe -2 Pkt → 5 Gesamt
[R2] Runde 2 beginnt. Spieler 1 ist Startspieler.
#a {"a":{"color":"schwarz","factory_id":1,"moon_order":["rot","gelb","türkis"],"row":0,"source":"SMALL_FACTORY_SUN","type":"stone"},"id":160,"p":0}
[R2] ☀️  Spieler 1: 1× schwarz von F1 → Reihe 1 [1/1]
[R2] 🌙 F1 Mond-Stapel: (rot, gelb→türkis)
#a {"a":{"color":"rot","factory_index":1,"moon_order":["türkis","türkis","gelb"],"row":5,"type":"stone"},"id":143,"p":1}
[R2] ☀️  KI: 1× rot von F2 → Reihe 6 [2/6]
[R2] 🌙 F2 Mond-Stapel: (türkis, türkis→gelb)
#a {"a":{"id_rotation":393,"rotation":180,"slot_col":0,"slot_row":2,"tile_id":6,"type":"dome_display"},"id":352,"p":0}
[R2] Spieler 1: Kachel 6 → Slot (2,0) rot=180° [Plättchen 1/2]
#a {"a":{"color":"gelb","factory_index":2,"moon_order":["türkis","schwarz","blau"],"row":0,"type":"stone"},"id":66,"p":1}
[R2] ☀️  KI: 1× gelb von F3 → Reihe 1 [1/1]
[R2] 🌙 F3 Mond-Stapel: (türkis, schwarz→blau)
#a {"a":{"color":"schwarz","factory_id":4,"moon_order":["türkis"],"row":5,"source":"SMALL_FACTORY_SUN","type":"stone"},"id":193,"p":0}
[R2] ☀️  Spieler 1: 3× schwarz von F4 → Reihe 6 [3/6]
[R2] 🌙 F4 Mond-Stapel: (türkis)
#a {"a":{"color":"schwarz","factory_index":4,"moon_order":[],"row":1,"type":"stone"},"id":170,"p":1}
[R2] ☀️  KI: 2× schwarz von GF → Reihe 2 [2/2]
#a {"a":{"color":"gelb","factory_id":null,"moon_order":[],"row":3,"source":"SMALL_FACTORY_MOON","type":"stone"},"id":87,"p":0}
[R2] ❖ Spieler 1: Startspielerstein genommen (−2 Pkt am Rundenende → aktuell 5 Pkt)
[R2] 🌙 Spieler 1: 2 (1+1)× gelb von F2, GF → Reihe 4 [4/4]
[R2] 🌙 F2 Mond-Stapel: (türkis→türkis)
[R2] 🌙 GF Moon-Pool: (türkis, türkis)
#a {"a":{"display_index":1,"slot_col":2,"slot_row":0,"type":"choose_dome_slot"},"id":339,"p":1}
#a {"a":{"rotation":90,"type":"choose_dome_rotation"},"id":392,"p":1}
[R2] KI: Kachel 13 → Slot (0,2) rot=90° [Plättchen 1/2]
#a {"a":{"type":"dome_stack_peek"},"id":405,"p":0}
[R2] 📦 Spieler 1: 1. Kachel vom Stapel gezogen (Rückseite: Wild) −1 Pkt → 4 Gesamt
#a {"a":{"chosen_id":1,"id_rotation":391,"return_order":[],"rotation":0,"slot_col":0,"slot_row":1,"type":"dome_stack_choose"},"id":358,"p":0}
[R2] Spieler 1: Kachel 1 → Slot (1,0) rot=0° [Plättchen 2/2]
#a {"a":{"display_index":0,"slot_col":1,"slot_row":2,"type":"choose_dome_slot"},"id":335,"p":1}
#a {"a":{"rotation":270,"type":"choose_dome_rotation"},"id":394,"p":1}
[R2] KI: Kachel 10 → Slot (2,1) rot=270° [Plättchen 2/2]
#a {"a":{"color":"blau","factory_id":null,"moon_order":[],"row":1,"source":"SMALL_FACTORY_MOON","type":"stone"},"id":27,"p":0}
[R2] 🌙 Spieler 1: 1 (1)× blau von F3 → Reihe 2 [1/2]
[R2] 🌙 F3 Mond-Stapel: (türkis→schwarz)
#a {"a":{"color":"schwarz","factory_index":5,"moon_order":[],"row":3,"type":"stone"},"id":183,"p":1}
[R2] 🌙 KI: 1 (1)× schwarz von F3 → Reihe 4 [3/4]
[R2] 🌙 F3 Mond-Stapel: (türkis)
#a {"a":{"color":"türkis","factory_id":null,"moon_order":[],"row":2,"source":"SMALL_FACTORY_MOON","type":"stone"},"id":225,"p":0}
[R2] 🌙 Spieler 1: 6 (1+1+1+1+2)× türkis von F1, F2, F3, F4, GF → Reihe 3 [3/3] (+3 Strafleiste)
[R2] ⚠️  Spieler 1: 3× auf Strafleiste (Slots 1–3, -6 Pkt Strafe)
[R2] 🌙 F1 Mond-Stapel: (rot→gelb)
[R2] 🌙 F2 Mond-Stapel: (türkis)
[R2] 🌙 F3 Mond-Stapel: leer
[R2] 🎴 F3: Bonusplättchen aufgedeckt!
[R2] 🌙 F4 Mond-Stapel: leer
[R2] 🎴 F4: Bonusplättchen aufgedeckt!
[R2] 🌙 GF Moon-Pool: leer
#a {"a":{"color":"türkis","factory_index":5,"moon_order":[],"row":2,"type":"stone"},"id":225,"p":1}
[R2] 🌙 KI: 1 (1)× türkis von F2 → Reihe 3 [3/3]
[R2] 🌙 F2 Mond-Stapel: leer
[R2] 🎴 F2: Bonusplättchen aufgedeckt!
#a {"a":{"factory_id":2,"type":"bonus_chip"},"id":402,"p":0}
[R2] Spieler 1: Bonusplättchen von Fabrik 2 genommen [1/2 diese Runde]
#a {"a":{"factory_index":3,"type":"bonus_chip"},"id":404,"p":1}
[R2] KI: Bonusplättchen von Fabrik 4 genommen [1/2 diese Runde]
#a {"a":{"factory_id":3,"type":"bonus_chip"},"id":403,"p":0}
[R2] Spieler 1: Bonusplättchen von Fabrik 3 genommen [2/2 diese Runde]
#a {"a":{"color":"gelb","factory_index":5,"moon_order":[],"row":-1,"type":"stone"},"id":63,"p":1}
[R2] 🌙 KI: 1 (1)× gelb von F1 → Strafleiste
[R2] ⚠️  KI: 1× auf Strafleiste (Slots 1–1, -1 Pkt Strafe)
[R2] 🌙 F1 Mond-Stapel: (rot)
#a {"a":{"color":"rot","factory_id":null,"moon_order":[],"row":4,"source":"SMALL_FACTORY_MOON","type":"stone"},"id":141,"p":0}
[R2] 🌙 Spieler 1: 1 (1)× rot von F1 → Reihe 5 [5/5]
[R2] 🌙 F1 Mond-Stapel: leer
[R2] 🎴 F1: Bonusplättchen aufgedeckt!
#a {"a":{"factory_index":0,"type":"bonus_chip"},"id":401,"p":1}
[R2] KI: Bonusplättchen von Fabrik 1 genommen [2/2 diese Runde]
[R2] Tiling-Phase beginnt.
[R2] Spieler 1: schwarz → Slot (0,0) Space 1 [Special freigeschaltet!]
[R2] 🎯 Spieler 1: +2 Pkt (Reihe 1 → Kuppel 1/1 - 2 horizontal)
[R2] ⭐ Spieler 1: +2 Spezial-Punkte (Kuppel-Bonus)
[R2] Spieler 1: türkis → Slot (1,0) Space 0
[R2] 🎯 Spieler 1: +3 Pkt (Reihe 3 → Kuppel 2/1 - 3 vertikal)
[R2] Spieler 1: gelb → Slot (1,1) Space 2
[R2] 🎯 Spieler 1: +1 Pkt (Reihe 4 → Kuppel 2/2 - alleinstehend)
[R2] Spieler 1: rot → Slot (2,0) Space 1
[R2] 🎯 Spieler 1: +1 Pkt (Reihe 5 → Kuppel 3/1 - alleinstehend)
[R2] KI: gelb → Slot (0,0) Space 1
[R2] 🎯 KI: +4 Pkt (Reihe 1 → Kuppel 1/1 - 2 horizontal + 2 vertikal)
[R2] KI: schwarz → Slot (0,2) Space 2
[R2] 🎯 KI: +1 Pkt (Reihe 2 → Kuppel 1/3 - alleinstehend)
[R2] 🎫 KI komplettiert Reihe 5 mit Bonus-Chips!
[R2] KI: blau → Slot (2,0) Space 0
[R2] 🎯 KI: +1 Pkt (Reihe 5 → Kuppel 3/1 - alleinstehend)
[R2] Spieler 1: Strafe -8 Pkt → 5 Gesamt
[R2] KI: Strafe -1 Pkt → 12 Gesamt
[R3] Runde 3 beginnt. Spieler 1 ist Startspieler.
#a {"a":{"color":"gelb","factory_id":2,"moon_order":["rot","türkis"],"row":2,"source":"SMALL_FACTORY_SUN","type":"stone"},"id":77,"p":0}
[R3] ☀️  Spieler 1: 2× gelb von F2 → Reihe 3 [2/3]
[R3] 🌙 F2 Mond-Stapel: (rot→türkis)
#a {"a":{"color":"rot","factory_index":0,"moon_order":["blau","türkis"],"row":1,"type":"stone"},"id":118,"p":1}
[R3] ☀️  KI: 2× rot von F1 → Reihe 2 [2/2]
[R3] 🌙 F1 Mond-Stapel: (blau→türkis)
#a {"a":{"color":"blau","factory_id":4,"moon_order":["schwarz"],"row":4,"source":"SMALL_FACTORY_SUN","type":"stone"},"id":43,"p":0}
[R3] ☀️  Spieler 1: 3× blau von F4 → Reihe 5 [3/5]
[R3] 🌙 F4 Mond-Stapel: (schwarz)
#a {"a":{"color":"türkis","factory_index":5,"moon_order":[],"row":4,"type":"stone"},"id":237,"p":1}
[R3] 🌙 KI: 2 (1+1)× türkis von F1, F2 → Reihe 5 [2/5]
[R3] 🌙 F1 Mond-Stapel: (blau)
[R3] 🌙 F2 Mond-Stapel: (rot)
#a {"a":{"color":"rot","factory_id":null,"moon_order":[],"row":0,"source":"SMALL_FACTORY_MOON","type":"stone"},"id":117,"p":0}
[R3] 🌙 Spieler 1: 1 (1)× rot von F2 → Reihe 1 [1/1]
[R3] 🌙 F2 Mond-Stapel: leer
[R3] 🎴 F2: Bonusplättchen aufgedeckt!
#a {"a":{"color":"schwarz","factory_index":4,"moon_order":[],"row":3,"type":"stone"},"id":182,"p":1}
[R3] ☀️  KI: 1× schwarz von GF → Reihe 4 [4/4]
#a {"a":{"color":"schwarz","factory_id":null,"moon_order":[],"row":5,"source":"SMALL_FACTORY_MOON","type":"stone"},"id":195,"p":0}
[R3] 🌙 Spieler 1: 1 (1)× schwarz von F4 → Reihe 6 [4/6]
[R3] 🌙 F4 Mond-Stapel: leer
[R3] 🎴 F4: Bonusplättchen aufgedeckt!
#a {"a":{"color":"rot","factory_index":5,"moon_order":[],"row":5,"type":"stone"},"id":147,"p":1}
[R3] ❖ KI: Startspielerstein genommen (−2 Pkt am Rundenende → aktuell 12 Pkt)
[R3] 🌙 KI: 1 (1)× rot von GF → Reihe 6 [3/6]
[R3] 🌙 GF Moon-Pool: (gelb, gelb, blau)
#a {"a":{"color":"blau","factory_id":null,"moon_order":[],"row":4,"source":"SMALL_FACTORY_MOON","type":"stone"},"id":45,"p":0}
[R3] 🌙 Spieler 1: 2 (1+1)× blau von F1, GF → Reihe 5 [5/5]
[R3] 🌙 F1 Mond-Stapel: leer
[R3] 🎴 F1: Bonusplättchen aufgedeckt!
[R3] 🌙 GF Moon-Pool: (gelb, gelb)
#a {"a":{"color":"rot","factory_index":2,"moon_order":["schwarz","gelb","blau"],"row":5,"type":"stone"},"id":144,"p":1}
[R3] ☀️  KI: 1× rot von F3 → Reihe 6 [4/6]
[R3] 🌙 F3 Mond-Stapel: (schwarz, gelb→blau)
#a {"a":{"factory_id":2,"type":"bonus_chip"},"id":402,"p":0}
[R3] Spieler 1: Bonusplättchen von Fabrik 2 genommen [1/2 diese Runde]
#a {"a":{"color":"gelb","factory_index":5,"moon_order":[],"row":0,"type":"stone"},"id":69,"p":1}
[R3] 🌙 KI: 2 (2)× gelb von GF → Reihe 1 [1/1] (+1 Strafleiste)
[R3] ⚠️  KI: 1× auf Strafleiste (Slots 1–1, -1 Pkt Strafe)
[R3] 🌙 GF Moon-Pool: leer
#a {"a":{"factory_id":1,"type":"bonus_chip"},"id":401,"p":0}
[R3] Spieler 1: Bonusplättchen von Fabrik 1 genommen [2/2 diese Runde]
#a {"a":{"display_index":2,"slot_col":1,"slot_row":0,"type":"choose_dome_slot"},"id":347,"p":1}
#a {"a":{"rotation":0,"type":"choose_dome_rotation"},"id":391,"p":1}
[R3] KI: Kachel 9 → Slot (0,1) rot=0° [Plättchen 1/2]
#a {"a":{"id_rotation":391,"rotation":0,"slot_col":1,"slot_row":2,"tile_id":15,"type":"dome_display"},"id":335,"p":0}
[R3] Spieler 1: Kachel 15 → Slot (2,1) rot=0° [Plättchen 1/2]
[R3] 📦 KI: 1. Kachel vom Stapel gezogen (Rückseite: Wild) −1 Pkt → 11 Gesamt
[R3] 📦 KI: 2. Kachel vom Stapel gezogen (Rückseite: Wild) −1 Pkt → 10 Gesamt
[R3] 📦 KI: 3. Kachel vom Stapel gezogen (Rückseite: Wild) −1 Pkt → 9 Gesamt
[R3] 📦 KI: 4. Kachel vom Stapel gezogen (Rückseite: Special) −1 Pkt → 8 Gesamt
[R3] 📦 KI: 5. Kachel vom Stapel gezogen (Rückseite: Special) −1 Pkt → 7 Gesamt
[R3] ↩️ 4 Kuppelplatte(n) zurueck unter den Stapel (Reihenfolge): #16 (Wild), #11 (Wild), #12 (Special), #7 (Special)
[R3] KI: Kachel 14 → Slot (1,1) rot=0° [Plättchen 2/2]
#a {"a":{"id_rotation":391,"rotation":0,"slot_col":1,"slot_row":0,"tile_id":4,"type":"dome_display"},"id":329,"p":0}
[R3] Spieler 1: Kachel 4 → Slot (0,1) rot=0° [Plättchen 2/2]
#a {"a":{"factory_index":3,"type":"bonus_chip"},"id":404,"p":1}
[R3] KI: Bonusplättchen von Fabrik 4 genommen [1/2 diese Runde]
#a {"a":{"color":"blau","factory_id":null,"moon_order":[],"row":1,"source":"SMALL_FACTORY_MOON","type":"stone"},"id":27,"p":0}
[R3] 🌙 Spieler 1: 1 (1)× blau von F3 → Reihe 2 [2/2]
[R3] 🌙 F3 Mond-Stapel: (schwarz→gelb)
#a {"a":{"color":"gelb","factory_index":5,"moon_order":[],"row":-1,"type":"stone"},"id":63,"p":1}
[R3] 🌙 KI: 1 (1)× gelb von F3 → Strafleiste
[R3] ⚠️  KI: 1× auf Strafleiste (Slots 2–2, -2 Pkt Strafe)
[R3] 🌙 F3 Mond-Stapel: (schwarz)
#a {"a":{"color":"schwarz","factory_id":null,"moon_order":[],"row":5,"source":"SMALL_FACTORY_MOON","type":"stone"},"id":195,"p":0}
[R3] 🌙 Spieler 1: 1 (1)× schwarz von F3 → Reihe 6 [5/6]
[R3] 🌙 F3 Mond-Stapel: leer
[R3] 🎴 F3: Bonusplättchen aufgedeckt!
#a {"a":{"factory_index":2,"type":"bonus_chip"},"id":403,"p":1}
[R3] KI: Bonusplättchen von Fabrik 3 genommen [2/2 diese Runde]
[R3] Tiling-Phase beginnt.
[R3] Spieler 1: rot → Slot (0,2) Space 1
[R3] 🎯 Spieler 1: +1 Pkt (Reihe 1 → Kuppel 1/3 - alleinstehend)
[R3] Spieler 1: blau → Slot (0,2) Space 2
[R3] 🎯 Spieler 1: +1 Pkt (Reihe 2 → Kuppel 1/3 - alleinstehend)
[R3] 🎫 Spieler 1 komplettiert Reihe 3 mit Bonus-Chips!
[R3] Spieler 1: gelb → Slot (1,1) Space 1
[R3] 🎯 Spieler 1: +1 Pkt (Reihe 3 → Kuppel 2/2 - alleinstehend)
[R3] Spieler 1: blau → Slot (2,0) Space 0
[R3] 🎯 Spieler 1: +2 Pkt (Reihe 5 → Kuppel 3/1 - 2 horizontal)
[R3] 🎫 Spieler 1 komplettiert Reihe 6 mit Bonus-Chips!
[R3] Spieler 1: schwarz → Slot (2,0) Space 2 [Special freigeschaltet!]
[R3] 🎯 Spieler 1: +2 Pkt (Reihe 6 → Kuppel 3/1 - 2 vertikal)
[R3] ⭐ Spieler 1: +6 Spezial-Punkte (Kuppel-Bonus)
[R3] KI: gelb → Slot (0,1) Space 0
[R3] 🎯 KI: +3 Pkt (Reihe 1 → Kuppel 1/2 - 3 horizontal)
[R3] KI: rot → Slot (0,1) Space 2
[R3] 🎯 KI: +4 Pkt (Reihe 2 → Kuppel 1/2 - 2 horizontal + 2 vertikal)
[R3] KI: türkis → Slot (1,1) Space 0
[R3] 🎯 KI: +3 Pkt (Reihe 3 → Kuppel 2/2 - 3 vertikal)
[R3] KI: schwarz → Slot (1,1) Space 2
[R3] 🎯 KI: +4 Pkt (Reihe 4 → Kuppel 2/2 - 4 vertikal)
[R3] KI: Strafe -5 Pkt → 16 Gesamt
[R4] Runde 4 beginnt. KI ist Startspieler.
#a {"a":{"color":"rot","factory_index":0,"moon_order":["schwarz","blau","blau"],"row":5,"type":"stone"},"id":142,"p":1}
[R4] ☀️  KI: 1× rot von F1 → Reihe 6 [5/6]
[R4] 🌙 F1 Mond-Stapel: (schwarz, blau→blau)
#a {"a":{"id_rotation":391,"rotation":0,"slot_col":2,"slot_row":2,"tile_id":16,"type":"dome_display"},"id":336,"p":0}
[R4] Spieler 1: Kachel 16 → Slot (2,2) rot=0° [Plättchen 1/2]
#a {"a":{"color":"rot","factory_index":3,"moon_order":["schwarz","schwarz","türkis"],"row":5,"type":"stone"},"id":145,"p":1}
[R4] ☀️  KI: 1× rot von F4 → Reihe 6 [6/6]
[R4] 🌙 F4 Mond-Stapel: (schwarz, schwarz→türkis)
#a {"a":{"id_rotation":391,"rotation":0,"slot_col":2,"slot_row":1,"tile_id":11,"type":"dome_display"},"id":333,"p":0}
[R4] Spieler 1: Kachel 11 → Slot (1,2) rot=0° [Plättchen 2/2]
#a {"a":{"color":"blau","factory_index":2,"moon_order":["schwarz","gelb"],"row":1,"type":"stone"},"id":24,"p":1}
[R4] ☀️  KI: 2× blau von F3 → Reihe 2 [2/2]
[R4] 🌙 F3 Mond-Stapel: (schwarz→gelb)
#a {"a":{"color":"türkis","factory_id":null,"moon_order":[],"row":3,"source":"LARGE_FACTORY_SUN","type":"stone"},"id":230,"p":0}
[R4] ☀️  Spieler 1: 3× türkis von GF → Reihe 4 [3/4]
#a {"a":{"color":"türkis","factory_index":1,"moon_order":["schwarz","gelb"],"row":4,"type":"stone"},"id":233,"p":1}
[R4] ☀️  KI: 2× türkis von F2 → Reihe 5 [4/5]
[R4] 🌙 F2 Mond-Stapel: (schwarz→gelb)
#a {"a":{"color":"türkis","factory_id":null,"moon_order":[],"row":3,"source":"SMALL_FACTORY_MOON","type":"stone"},"id":231,"p":0}
[R4] 🌙 Spieler 1: 1 (1)× türkis von F4 → Reihe 4 [4/4]
[R4] 🌙 F4 Mond-Stapel: (schwarz→schwarz)
#a {"a":{"color":"schwarz","factory_index":5,"moon_order":[],"row":2,"type":"stone"},"id":177,"p":1}
[R4] 🌙 KI: 1 (1)× schwarz von F4 → Reihe 3 [1/3]
[R4] 🌙 F4 Mond-Stapel: (schwarz)
#a {"a":{"color":"gelb","factory_id":null,"moon_order":[],"row":5,"source":"SMALL_FACTORY_MOON","type":"stone"},"id":99,"p":0}
[R4] ❖ Spieler 1: Startspielerstein genommen (−2 Pkt am Rundenende → aktuell 18 Pkt)
[R4] 🌙 Spieler 1: 3 (1+1+1)× gelb von F2, F3, GF → Reihe 6 [3/6]
[R4] 🌙 F2 Mond-Stapel: (schwarz)
[R4] 🌙 F3 Mond-Stapel: (schwarz)
[R4] 🌙 GF Moon-Pool: (rot)
#a {"a":{"color":"rot","factory_index":5,"moon_order":[],"row":0,"type":"stone"},"id":117,"p":1}
[R4] 🌙 KI: 1 (1)× rot von GF → Reihe 1 [1/1]
[R4] 🌙 GF Moon-Pool: leer
#a {"a":{"color":"blau","factory_id":null,"moon_order":[],"row":2,"source":"SMALL_FACTORY_MOON","type":"stone"},"id":33,"p":0}
[R4] 🌙 Spieler 1: 1 (1)× blau von F1 → Reihe 3 [1/3]
[R4] 🌙 F1 Mond-Stapel: (schwarz→blau)
#a {"a":{"display_index":0,"slot_col":2,"slot_row":2,"type":"choose_dome_slot"},"id":336,"p":1}
#a {"a":{"rotation":90,"type":"choose_dome_rotation"},"id":392,"p":1}
[R4] KI: Kachel 12 → Slot (2,2) rot=90° [Plättchen 1/2]
#a {"a":{"color":"blau","factory_id":null,"moon_order":[],"row":2,"source":"SMALL_FACTORY_MOON","type":"stone"},"id":33,"p":0}
[R4] 🌙 Spieler 1: 1 (1)× blau von F1 → Reihe 3 [2/3]
[R4] 🌙 F1 Mond-Stapel: (schwarz)
#a {"a":{"color":"schwarz","factory_index":5,"moon_order":[],"row":3,"type":"stone"},"id":183,"p":1}
[R4] 🌙 KI: 4 (1+1+1+1)× schwarz von F1, F2, F3, F4 → Reihe 4 [4/4]
[R4] 🌙 F1 Mond-Stapel: leer
[R4] 🎴 F1: Bonusplättchen aufgedeckt!
[R4] 🌙 F2 Mond-Stapel: leer
[R4] 🎴 F2: Bonusplättchen aufgedeckt!
[R4] 🌙 F3 Mond-Stapel: leer
[R4] 🎴 F3: Bonusplättchen aufgedeckt!
[R4] 🌙 F4 Mond-Stapel: leer
[R4] 🎴 F4: Bonusplättchen aufgedeckt!
#a {"a":{"factory_id":1,"type":"bonus_chip"},"id":401,"p":0}
[R4] Spieler 1: Bonusplättchen von Fabrik 1 genommen [1/2 diese Runde]
#a {"a":{"factory_index":3,"type":"bonus_chip"},"id":404,"p":1}
[R4] KI: Bonusplättchen von Fabrik 4 genommen [1/2 diese Runde]
#a {"a":{"factory_id":3,"type":"bonus_chip"},"id":403,"p":0}
[R4] Spieler 1: Bonusplättchen von Fabrik 3 genommen [2/2 diese Runde]
[R4] 📦 KI: 1. Kachel vom Stapel gezogen (Rückseite: Special) −1 Pkt → 15 Gesamt
[R4] KI: Kachel 7 → Slot (1,2) rot=0° [Plättchen 2/2]
#a {"a":{"factory_index":1,"type":"bonus_chip"},"id":402,"p":1}
[R4] KI: Bonusplättchen von Fabrik 2 genommen [2/2 diese Runde]
[R4] Tiling-Phase beginnt.
[R4] ⚠️  KI: Musterreihe 3 (schwarz) nicht platzierbar → 1× Strafleiste
[R4] Spieler 1: türkis → Slot (1,0) Space 2
[R4] 🎯 Spieler 1: +6 Pkt (Reihe 4 → Kuppel 2/1 - 6 vertikal)
[R4] KI: rot → Slot (0,1) Space 1
[R4] 🎯 KI: +4 Pkt (Reihe 1 → Kuppel 1/2 - 4 horizontal)
[R4] KI: blau → Slot (0,1) Space 3
[R4] 🎯 KI: +6 Pkt (Reihe 2 → Kuppel 1/2 - 4 horizontal + 2 vertikal)
[R4] KI: schwarz → Slot (1,2) Space 2
[R4] 🎯 KI: +1 Pkt (Reihe 4 → Kuppel 2/3 - alleinstehend)
[R4] 🎫 KI komplettiert Reihe 5 mit Bonus-Chips!
[R4] KI: türkis → Slot (2,0) Space 1
[R4] 🎯 KI: +2 Pkt (Reihe 5 → Kuppel 3/1 - 2 horizontal)
[R4] KI: rot → Slot (2,0) Space 2
[R4] 🎯 KI: +2 Pkt (Reihe 6 → Kuppel 3/1 - 2 vertikal)
[R4] Spieler 1: Strafe -2 Pkt → 22 Gesamt
[R4] KI: Strafe -1 Pkt → 29 Gesamt
[R5] Runde 5 beginnt. Spieler 1 ist Startspieler.
#a {"a":{"color":"türkis","factory_id":4,"moon_order":["schwarz","schwarz"],"row":0,"source":"SMALL_FACTORY_SUN","type":"stone"},"id":211,"p":0}
[R5] ☀️  Spieler 1: 2× türkis von F4 → Reihe 1 [1/1] (+1 Strafleiste)
[R5] ⚠️  Spieler 1: 1× auf Strafleiste (Slots 1–1, -1 Pkt Strafe)
[R5] 🌙 F4 Mond-Stapel: (schwarz→schwarz)
#a {"a":{"color":"gelb","factory_index":1,"moon_order":["blau","schwarz","blau"],"row":0,"type":"stone"},"id":65,"p":1}
[R5] ☀️  KI: 1× gelb von F2 → Reihe 1 [1/1]
[R5] 🌙 F2 Mond-Stapel: (blau, schwarz→blau)
#a {"a":{"color":"gelb","factory_id":null,"moon_order":[],"row":5,"source":"LARGE_FACTORY_SUN","type":"stone"},"id":98,"p":0}
[R5] ☀️  Spieler 1: 2× gelb von GF → Reihe 6 [5/6]
#a {"a":{"color":"türkis","factory_index":0,"moon_order":["gelb","blau"],"row":1,"type":"stone"},"id":214,"p":1}
[R5] ☀️  KI: 2× türkis von F1 → Reihe 2 [2/2]
[R5] 🌙 F1 Mond-Stapel: (gelb→blau)
#a {"a":{"color":"schwarz","factory_id":null,"moon_order":[],"row":3,"source":"SMALL_FACTORY_MOON","type":"stone"},"id":183,"p":0}
[R5] 🌙 Spieler 1: 1 (1)× schwarz von F4 → Reihe 4 [1/4]
[R5] 🌙 F4 Mond-Stapel: (schwarz)
#a {"a":{"color":"schwarz","factory_index":2,"moon_order":["gelb","blau","blau"],"row":5,"type":"stone"},"id":192,"p":1}
[R5] ☀️  KI: 1× schwarz von F3 → Reihe 6 [1/6]
[R5] 🌙 F3 Mond-Stapel: (gelb, blau→blau)
#a {"a":{"color":"schwarz","factory_id":null,"moon_order":[],"row":3,"source":"SMALL_FACTORY_MOON","type":"stone"},"id":183,"p":0}
[R5] 🌙 Spieler 1: 1 (1)× schwarz von F4 → Reihe 4 [2/4]
[R5] 🌙 F4 Mond-Stapel: leer
[R5] 🎴 F4: Bonusplättchen aufgedeckt!
#a {"a":{"color":"rot","factory_index":5,"moon_order":[],"row":2,"type":"stone"},"id":129,"p":1}
[R5] ❖ KI: Startspielerstein genommen (−2 Pkt am Rundenende → aktuell 29 Pkt)
[R5] 🌙 KI: 3 (3)× rot von GF → Reihe 3 [3/3]
[R5] 🌙 GF Moon-Pool: leer
#a {"a":{"color":"blau","factory_id":null,"moon_order":[],"row":4,"source":"SMALL_FACTORY_MOON","type":"stone"},"id":45,"p":0}
[R5] 🌙 Spieler 1: 3 (1+1+1)× blau von F1, F2, F3 → Reihe 5 [3/5]
[R5] 🌙 F1 Mond-Stapel: (gelb)
[R5] 🌙 F2 Mond-Stapel: (blau→schwarz)
[R5] 🌙 F3 Mond-Stapel: (gelb→blau)
#a {"a":{"color":"schwarz","factory_index":5,"moon_order":[],"row":5,"type":"stone"},"id":195,"p":1}
[R5] 🌙 KI: 1 (1)× schwarz von F2 → Reihe 6 [2/6]
[R5] 🌙 F2 Mond-Stapel: (blau)
#a {"a":{"factory_id":4,"type":"bonus_chip"},"id":404,"p":0}
[R5] Spieler 1: Bonusplättchen von Fabrik 4 genommen [1/2 diese Runde]
#a {"a":{"color":"blau","factory_index":5,"moon_order":[],"row":3,"type":"stone"},"id":39,"p":1}
[R5] 🌙 KI: 2 (1+1)× blau von F2, F3 → Reihe 4 [2/4]
[R5] 🌙 F2 Mond-Stapel: leer
[R5] 🎴 F2: Bonusplättchen aufgedeckt!
[R5] 🌙 F3 Mond-Stapel: (gelb)
#a {"a":{"factory_id":2,"type":"bonus_chip"},"id":402,"p":0}
[R5] Spieler 1: Bonusplättchen von Fabrik 2 genommen [2/2 diese Runde]
#a {"a":{"color":"gelb","factory_index":5,"moon_order":[],"row":4,"type":"stone"},"id":93,"p":1}
[R5] 🌙 KI: 2 (1+1)× gelb von F1, F3 → Reihe 5 [2/5]
[R5] 🌙 F1 Mond-Stapel: leer
[R5] 🎴 F1: Bonusplättchen aufgedeckt!
[R5] 🌙 F3 Mond-Stapel: leer
[R5] 🎴 F3: Bonusplättchen aufgedeckt!
#a {"a":{"factory_index":0,"type":"bonus_chip"},"id":401,"p":1}
[R5] KI: Bonusplättchen von Fabrik 1 genommen [1/2 diese Runde]
#a {"a":{"factory_index":2,"type":"bonus_chip"},"id":403,"p":1}
[R5] KI: Bonusplättchen von Fabrik 3 genommen [2/2 diese Runde]
[R5] Tiling-Phase beginnt.
[R5] ⚠️  KI: Musterreihe 5 (gelb) nicht platzierbar → 2× Strafleiste
[R5] Spieler 1: türkis → Slot (0,2) Space 0 [Special freigeschaltet!]
[R5] 🎯 Spieler 1: +4 Pkt (Reihe 1 → Kuppel 1/3 - 2 horizontal + 2 vertikal)
[R5] ⭐ Spieler 1: +2 Spezial-Punkte (Kuppel-Bonus)
[R5] 🎫 Spieler 1 komplettiert Reihe 4 mit Bonus-Chips!
[R5] Spieler 1: schwarz → Slot (1,0) Space 3
[R5] 🎯 Spieler 1: +6 Pkt (Reihe 4 → Kuppel 2/1 - 3 horizontal + 3 vertikal)
[R5] KI: gelb → Slot (0,2) Space 0
[R5] 🎯 KI: +7 Pkt (Reihe 1 → Kuppel 1/3 - 5 horizontal + 2 vertikal)
[R5] KI: türkis → Slot (0,2) Space 3
[R5] 🎯 KI: +5 Pkt (Reihe 2 → Kuppel 1/3 - 5 horizontal)
[R5] KI: rot → Slot (1,0) Space 1
[R5] 🎯 KI: +5 Pkt (Reihe 3 → Kuppel 2/1 - 2 horizontal + 3 vertikal)
[R5] 🎫 KI komplettiert Reihe 4 mit Bonus-Chips!
[R5] KI: blau → Slot (1,0) Space 3
[R5] 🎯 KI: +7 Pkt (Reihe 4 → Kuppel 2/1 - 2 horizontal + 5 vertikal)
[R5] Spieler 1: Strafe -1 Pkt → 33 Gesamt
[R5] KI: Strafe -5 Pkt → 48 Gesamt
[R5] Das Spiel ist beendet!
# ============================================================
# SPIELENDE: [33, 48]
# Seed: 771522
[R5] 🏆 Spieler 1: Endwertung 4 Pkt → Gesamt: 37 Pkt
[R5]    ↔️ Horizontale Reihen: 0 Pkt
[R5]    ⭐ Spezialfelder: -6 Pkt
[R5]    ↗️ Diagonale Reihen: 10 Pkt
[R5] 🏆 KI: Endwertung -12 Pkt → Gesamt: 36 Pkt
[R5]    ↔️ Horizontale Reihen: 0 Pkt
[R5]    ⭐ Spezialfelder: -12 Pkt
[R5]    ↗️ Diagonale Reihen: 0 Pkt
