# MOSAIC GAME LOG
# {"timestamp": "20260905_224028", "seed": 300512, "players": ["Erwin", "KI"], "first_player": 1, "ai_enabled": true, "ai_player": 1, "ai_model": "v23-b01_k3p10", "ai_sims": 400, "teacher_level": 0, "teacher_sims": null, "teacher_coach_sims": null}
# ============================================================
[R1] Spiel gestartet. KI beginnt.
[R1] Wertungsplatten gewählt: [1, 0, 6]
[R1] Erwin: Startkachel 14 → (0,0) rot=90°
[R1] KI: Startkachel 2 → (0,0) rot=0°
#a {"a":{"color":"schwarz","factory_index":0,"moon_order":["türkis","rot"],"row":1,"type":"stone"},"id":166,"p":1}
[R1] ☀️  KI: 2× schwarz von F1 → Reihe 2 [2/2]
[R1] 🌙 F1 Mond-Stapel: (türkis→rot)
#a {"a":{"color":"türkis","factory_id":null,"moon_order":[],"row":0,"source":"LARGE_FACTORY_SUN","type":"stone"},"id":212,"p":0}
[R1] ☀️  Erwin: 1× türkis von GF → Reihe 1 [1/1]
#a {"a":{"color":"rot","factory_index":1,"moon_order":["blau","schwarz","blau"],"row":0,"type":"stone"},"id":113,"p":1}
[R1] ☀️  KI: 1× rot von F2 → Reihe 1 [1/1]
[R1] 🌙 F2 Mond-Stapel: (blau, schwarz→blau)
#a {"a":{"color":"blau","factory_id":null,"moon_order":[],"row":1,"source":"SMALL_FACTORY_MOON","type":"stone"},"id":27,"p":0}
[R1] ❖ Erwin: Startspielerstein genommen (−2 Pkt am Rundenende → aktuell 5 Pkt)
[R1] 🌙 Erwin: 2 (1+1)× blau von F2, GF → Reihe 2 [2/2]
[R1] 🌙 F2 Mond-Stapel: (blau→schwarz)
[R1] 🌙 GF Moon-Pool: (schwarz, rot, gelb)
#a {"a":{"display_index":0,"slot_col":0,"slot_row":2,"type":"choose_dome_slot"},"id":334,"p":1}
#a {"a":{"rotation":180,"type":"choose_dome_rotation"},"id":393,"p":1}
[R1] KI: Kachel 15 → Slot (2,0) rot=180° [Plättchen 1/2]
#a {"a":{"id_rotation":393,"rotation":180,"slot_col":0,"slot_row":2,"tile_id":6,"type":"dome_display"},"id":334,"p":0}
[R1] Erwin: Kachel 6 → Slot (2,0) rot=180° [Plättchen 1/2]
#a {"a":{"color":"türkis","factory_index":3,"moon_order":["schwarz","gelb"],"row":5,"type":"stone"},"id":241,"p":1}
[R1] ☀️  KI: 2× türkis von F4 → Reihe 6 [2/6]
[R1] 🌙 F4 Mond-Stapel: (schwarz→gelb)
#a {"a":{"color":"rot","factory_id":null,"moon_order":[],"row":4,"source":"SMALL_FACTORY_MOON","type":"stone"},"id":141,"p":0}
[R1] 🌙 Erwin: 2 (1+1)× rot von F1, GF → Reihe 5 [2/5]
[R1] 🌙 F1 Mond-Stapel: (türkis)
[R1] 🌙 GF Moon-Pool: (schwarz, gelb)
#a {"a":{"color":"türkis","factory_index":2,"moon_order":["blau","rot"],"row":5,"type":"stone"},"id":240,"p":1}
[R1] ☀️  KI: 2× türkis von F3 → Reihe 6 [4/6]
[R1] 🌙 F3 Mond-Stapel: (blau→rot)
#a {"a":{"id_rotation":391,"rotation":0,"slot_col":0,"slot_row":1,"tile_id":7,"type":"dome_display"},"id":331,"p":0}
[R1] Erwin: Kachel 7 → Slot (1,0) rot=0° [Plättchen 2/2]
[R1] 📦 KI: 1. Kachel vom Stapel gezogen (Rückseite: Special) −1 Pkt → 4 Gesamt
[R1] 📦 KI: 2. Kachel vom Stapel gezogen (Rückseite: Wild) −1 Pkt → 3 Gesamt
[R1] 📦 KI: 3. Kachel vom Stapel gezogen (Rückseite: Wild) −1 Pkt → 2 Gesamt
[R1] 📦 KI: 4. Kachel vom Stapel gezogen (Rückseite: Special) −1 Pkt → 1 Gesamt
[R1] 📦 KI: 5. Kachel vom Stapel gezogen (Rückseite: Wild) −1 Pkt → 0 Gesamt
[R1] 📦 KI: 6. Kachel vom Stapel gezogen (Rückseite: Wild) −1 Pkt → 0 Gesamt
[R1] 📦 KI: 7. Kachel vom Stapel gezogen (Rückseite: Wild) −1 Pkt → 0 Gesamt
[R1] 📦 KI: 8. Kachel vom Stapel gezogen (Rückseite: Wild) −1 Pkt → 0 Gesamt
[R1] 📦 KI: 9. Kachel vom Stapel gezogen (Rückseite: Special) −1 Pkt → 0 Gesamt
[R1] 📦 KI: 10. Kachel vom Stapel gezogen (Rückseite: Special) −1 Pkt → 0 Gesamt
[R1] 📦 KI: 11. Kachel vom Stapel gezogen (Rückseite: Wild) −1 Pkt → 0 Gesamt
[R1] 📦 KI: 12. Kachel vom Stapel gezogen (Rückseite: Special) −1 Pkt → 0 Gesamt
[R1] 📦 KI: 13. Kachel vom Stapel gezogen (Rückseite: Special) −1 Pkt → 0 Gesamt
[R1] ↩️ 12 Kuppelplatte(n) zurueck unter den Stapel (Reihenfolge): #17 (Special), #1 (Wild), #16 (Wild), #12 (Special), #13 (Wild), #11 (Wild), #9 (Wild), #3 (Wild), #4 (Special), #0 (Special), #8 (Special), #10 (Special)
[R1] KI: Kachel 5 → Slot (0,1) rot=0° [Plättchen 2/2]
#a {"a":{"color":"rot","factory_id":null,"moon_order":[],"row":4,"source":"SMALL_FACTORY_MOON","type":"stone"},"id":141,"p":0}
[R1] 🌙 Erwin: 1 (1)× rot von F3 → Reihe 5 [3/5]
[R1] 🌙 F3 Mond-Stapel: (blau)
#a {"a":{"color":"schwarz","factory_index":5,"moon_order":[],"row":4,"type":"stone"},"id":189,"p":1}
[R1] 🌙 KI: 2 (1+1)× schwarz von F2, GF → Reihe 5 [2/5]
[R1] 🌙 F2 Mond-Stapel: (blau)
[R1] 🌙 GF Moon-Pool: (gelb)
#a {"a":{"color":"blau","factory_id":null,"moon_order":[],"row":2,"source":"SMALL_FACTORY_MOON","type":"stone"},"id":33,"p":0}
[R1] 🌙 Erwin: 2 (1+1)× blau von F2, F3 → Reihe 3 [2/3]
[R1] 🌙 F2 Mond-Stapel: leer
[R1] 🎴 F2: Bonusplättchen aufgedeckt!
[R1] 🌙 F3 Mond-Stapel: leer
[R1] 🎴 F3: Bonusplättchen aufgedeckt!
#a {"a":{"color":"türkis","factory_index":5,"moon_order":[],"row":5,"type":"stone"},"id":243,"p":1}
[R1] 🌙 KI: 1 (1)× türkis von F1 → Reihe 6 [5/6]
[R1] 🌙 F1 Mond-Stapel: leer
[R1] 🎴 F1: Bonusplättchen aufgedeckt!
#a {"a":{"factory_id":3,"type":"bonus_chip"},"id":403,"p":0}
[R1] Erwin: Bonusplättchen von Fabrik 3 genommen [1/2 diese Runde]
#a {"a":{"factory_index":1,"type":"bonus_chip"},"id":402,"p":1}
[R1] KI: Bonusplättchen von Fabrik 2 genommen [1/2 diese Runde]
#a {"a":{"color":"gelb","factory_id":null,"moon_order":[],"row":3,"source":"SMALL_FACTORY_MOON","type":"stone"},"id":87,"p":0}
[R1] 🌙 Erwin: 2 (1+1)× gelb von F4, GF → Reihe 4 [2/4]
[R1] 🌙 F4 Mond-Stapel: (schwarz)
[R1] 🌙 GF Moon-Pool: leer
#a {"a":{"color":"schwarz","factory_index":5,"moon_order":[],"row":4,"type":"stone"},"id":189,"p":1}
[R1] 🌙 KI: 1 (1)× schwarz von F4 → Reihe 5 [3/5]
[R1] 🌙 F4 Mond-Stapel: leer
[R1] 🎴 F4: Bonusplättchen aufgedeckt!
#a {"a":{"factory_id":4,"type":"bonus_chip"},"id":404,"p":0}
[R1] Erwin: Bonusplättchen von Fabrik 4 genommen [2/2 diese Runde]
#a {"a":{"factory_index":0,"type":"bonus_chip"},"id":401,"p":1}
[R1] KI: Bonusplättchen von Fabrik 1 genommen [2/2 diese Runde]
[R1] Tiling-Phase beginnt.
[R1] Erwin: türkis → Slot (0,0) Space 1
[R1] 🎯 Erwin: +1 Pkt (Reihe 1 → Kuppel 1/1 - alleinstehend)
[R1] Erwin: blau → Slot (0,0) Space 3
[R1] 🎯 Erwin: +2 Pkt (Reihe 2 → Kuppel 1/1 - 2 vertikal)
[R1] KI: rot → Slot (0,0) Space 1
[R1] 🎯 KI: +1 Pkt (Reihe 1 → Kuppel 1/1 - alleinstehend)
[R1] KI: schwarz → Slot (0,0) Space 3
[R1] 🎯 KI: +2 Pkt (Reihe 2 → Kuppel 1/1 - 2 vertikal)
[R1] Erwin: Strafe -2 Pkt → 6 Gesamt
[R2] Runde 2 beginnt. Erwin ist Startspieler.
#a {"a":{"id_rotation":393,"rotation":180,"slot_col":1,"slot_row":2,"tile_id":1,"type":"dome_display"},"id":344,"p":0}
[R2] Erwin: Kachel 1 → Slot (2,1) rot=180° [Plättchen 1/2]
#a {"a":{"color":"rot","factory_index":2,"moon_order":["gelb","gelb"],"row":1,"type":"stone"},"id":120,"p":1}
[R2] ☀️  KI: 2× rot von F3 → Reihe 2 [2/2]
[R2] 🌙 F3 Mond-Stapel: (gelb→gelb)
#a {"a":{"color":"blau","factory_id":2,"moon_order":["schwarz","schwarz","gelb"],"row":2,"source":"SMALL_FACTORY_SUN","type":"stone"},"id":29,"p":0}
[R2] ☀️  Erwin: 1× blau von F2 → Reihe 3 [3/3]
[R2] 🌙 F2 Mond-Stapel: (schwarz, schwarz→gelb)
#a {"a":{"color":"türkis","factory_index":0,"moon_order":["blau","blau","gelb"],"row":5,"type":"stone"},"id":238,"p":1}
[R2] ☀️  KI: 1× türkis von F1 → Reihe 6 [6/6]
[R2] 🌙 F1 Mond-Stapel: (blau, blau→gelb)
#a {"a":{"color":"gelb","factory_id":null,"moon_order":[],"row":3,"source":"LARGE_FACTORY_SUN","type":"stone"},"id":86,"p":0}
[R2] ☀️  Erwin: 2× gelb von GF → Reihe 4 [4/4]
#a {"a":{"color":"türkis","factory_index":3,"moon_order":["rot","rot","schwarz"],"row":0,"type":"stone"},"id":211,"p":1}
[R2] ☀️  KI: 1× türkis von F4 → Reihe 1 [1/1]
[R2] 🌙 F4 Mond-Stapel: (rot, rot→schwarz)
#a {"a":{"color":"rot","factory_id":null,"moon_order":[],"row":4,"source":"SMALL_FACTORY_MOON","type":"stone"},"id":141,"p":0}
[R2] ❖ Erwin: Startspielerstein genommen (−2 Pkt am Rundenende → aktuell 6 Pkt)
[R2] 🌙 Erwin: 2 (2)× rot von GF → Reihe 5 [5/5]
[R2] 🌙 GF Moon-Pool: (blau)
#a {"a":{"color":"gelb","factory_index":5,"moon_order":[],"row":3,"type":"stone"},"id":87,"p":1}
[R2] 🌙 KI: 3 (1+1+1)× gelb von F1, F2, F3 → Reihe 4 [3/4]
[R2] 🌙 F1 Mond-Stapel: (blau→blau)
[R2] 🌙 F2 Mond-Stapel: (schwarz→schwarz)
[R2] 🌙 F3 Mond-Stapel: (gelb)
#a {"a":{"color":"schwarz","factory_id":null,"moon_order":[],"row":5,"source":"SMALL_FACTORY_MOON","type":"stone"},"id":195,"p":0}
[R2] 🌙 Erwin: 2 (1+1)× schwarz von F2, F4 → Reihe 6 [2/6]
[R2] 🌙 F2 Mond-Stapel: (schwarz)
[R2] 🌙 F4 Mond-Stapel: (rot→rot)
#a {"a":{"display_index":1,"slot_col":0,"slot_row":1,"type":"choose_dome_slot"},"id":340,"p":1}
#a {"a":{"rotation":90,"type":"choose_dome_rotation"},"id":392,"p":1}
[R2] KI: Kachel 16 → Slot (1,0) rot=90° [Plättchen 1/2]
#a {"a":{"color":"schwarz","factory_id":null,"moon_order":[],"row":5,"source":"SMALL_FACTORY_MOON","type":"stone"},"id":195,"p":0}
[R2] 🌙 Erwin: 1 (1)× schwarz von F2 → Reihe 6 [3/6]
[R2] 🌙 F2 Mond-Stapel: leer
[R2] 🎴 F2: Bonusplättchen aufgedeckt!
#a {"a":{"color":"gelb","factory_index":5,"moon_order":[],"row":3,"type":"stone"},"id":87,"p":1}
[R2] 🌙 KI: 1 (1)× gelb von F3 → Reihe 4 [4/4]
[R2] 🌙 F3 Mond-Stapel: leer
[R2] 🎴 F3: Bonusplättchen aufgedeckt!
#a {"a":{"color":"rot","factory_id":null,"moon_order":[],"row":0,"source":"SMALL_FACTORY_MOON","type":"stone"},"id":117,"p":0}
[R2] 🌙 Erwin: 1 (1)× rot von F4 → Reihe 1 [1/1]
[R2] 🌙 F4 Mond-Stapel: (rot)
#a {"a":{"color":"blau","factory_index":5,"moon_order":[],"row":2,"type":"stone"},"id":33,"p":1}
[R2] 🌙 KI: 2 (1+1)× blau von F1, GF → Reihe 3 [2/3]
[R2] 🌙 F1 Mond-Stapel: (blau)
[R2] 🌙 GF Moon-Pool: leer
#a {"a":{"id_rotation":393,"rotation":180,"slot_col":1,"slot_row":1,"tile_id":17,"type":"dome_display"},"id":332,"p":0}
[R2] Erwin: Kachel 17 → Slot (1,1) rot=180° [Plättchen 2/2]
#a {"a":{"color":"blau","factory_index":5,"moon_order":[],"row":2,"type":"stone"},"id":33,"p":1}
[R2] 🌙 KI: 1 (1)× blau von F1 → Reihe 3 [3/3]
[R2] 🌙 F1 Mond-Stapel: leer
[R2] 🎴 F1: Bonusplättchen aufgedeckt!
#a {"a":{"factory_id":1,"type":"bonus_chip"},"id":401,"p":0}
[R2] Erwin: Bonusplättchen von Fabrik 1 genommen [1/2 diese Runde]
#a {"a":{"factory_index":2,"type":"bonus_chip"},"id":403,"p":1}
[R2] KI: Bonusplättchen von Fabrik 3 genommen [1/2 diese Runde]
#a {"a":{"factory_id":2,"type":"bonus_chip"},"id":402,"p":0}
[R2] Erwin: Bonusplättchen von Fabrik 2 genommen [2/2 diese Runde]
[R2] 📦 KI: 1. Kachel vom Stapel gezogen (Rückseite: Special) −1 Pkt → 2 Gesamt
[R2] 📦 KI: 2. Kachel vom Stapel gezogen (Rückseite: Wild) −1 Pkt → 1 Gesamt
[R2] 📦 KI: 3. Kachel vom Stapel gezogen (Rückseite: Wild) −1 Pkt → 0 Gesamt
[R2] 📦 KI: 4. Kachel vom Stapel gezogen (Rückseite: Wild) −1 Pkt → 0 Gesamt
[R2] 📦 KI: 5. Kachel vom Stapel gezogen (Rückseite: Wild) −1 Pkt → 0 Gesamt
[R2] 📦 KI: 6. Kachel vom Stapel gezogen (Rückseite: Special) −1 Pkt → 0 Gesamt
[R2] 📦 KI: 7. Kachel vom Stapel gezogen (Rückseite: Special) −1 Pkt → 0 Gesamt
[R2] 📦 KI: 8. Kachel vom Stapel gezogen (Rückseite: Special) −1 Pkt → 0 Gesamt
[R2] 📦 KI: 9. Kachel vom Stapel gezogen (Rückseite: Special) −1 Pkt → 0 Gesamt
[R2] ↩️ 8 Kuppelplatte(n) zurueck unter den Stapel (Reihenfolge): #12 (Special), #13 (Wild), #11 (Wild), #9 (Wild), #4 (Special), #0 (Special), #8 (Special), #10 (Special)
[R2] KI: Kachel 3 → Slot (0,2) rot=0° [Plättchen 2/2]
#a {"a":{"color":"rot","factory_id":null,"moon_order":[],"row":-1,"source":"SMALL_FACTORY_MOON","type":"stone"},"id":111,"p":0}
[R2] 🌙 Erwin: 1 (1)× rot von F4 → Strafleiste
[R2] ⚠️  Erwin: 1× auf Strafleiste (Slots 1–1, -1 Pkt Strafe)
[R2] 🌙 F4 Mond-Stapel: leer
[R2] 🎴 F4: Bonusplättchen aufgedeckt!
#a {"a":{"factory_index":3,"type":"bonus_chip"},"id":404,"p":1}
[R2] KI: Bonusplättchen von Fabrik 4 genommen [2/2 diese Runde]
[R2] Tiling-Phase beginnt.
[R2] Erwin: rot → Slot (0,0) Space 0
[R2] 🎯 Erwin: +2 Pkt (Reihe 1 → Kuppel 1/1 - 2 horizontal)
[R2] Erwin: blau → Slot (1,0) Space 1
[R2] 🎯 Erwin: +3 Pkt (Reihe 3 → Kuppel 2/1 - 3 vertikal)
[R2] Erwin: gelb → Slot (1,1) Space 2
[R2] 🎯 Erwin: +1 Pkt (Reihe 4 → Kuppel 2/2 - alleinstehend)
[R2] Erwin: rot → Slot (2,0) Space 1
[R2] 🎯 Erwin: +1 Pkt (Reihe 5 → Kuppel 3/1 - alleinstehend)
[R2] KI: türkis → Slot (0,1) Space 0
[R2] 🎯 KI: +2 Pkt (Reihe 1 → Kuppel 1/2 - 2 horizontal)
[R2] KI: rot → Slot (0,1) Space 2
[R2] 🎯 KI: +4 Pkt (Reihe 2 → Kuppel 1/2 - 2 horizontal + 2 vertikal)
[R2] KI: blau → Slot (1,0) Space 0
[R2] 🎯 KI: +1 Pkt (Reihe 3 → Kuppel 2/1 - alleinstehend)
[R2] KI: gelb → Slot (1,0) Space 3
[R2] 🎯 KI: +1 Pkt (Reihe 4 → Kuppel 2/1 - alleinstehend)
[R2] KI: türkis → Slot (2,0) Space 2
[R2] 🎯 KI: +1 Pkt (Reihe 6 → Kuppel 3/1 - alleinstehend)
[R2] Erwin: Strafe -3 Pkt → 10 Gesamt
[R3] Runde 3 beginnt. Erwin ist Startspieler.
#a {"a":{"color":"schwarz","factory_id":4,"moon_order":["rot","türkis"],"row":5,"source":"SMALL_FACTORY_SUN","type":"stone"},"id":193,"p":0}
[R3] ☀️  Erwin: 2× schwarz von F4 → Reihe 6 [5/6]
[R3] 🌙 F4 Mond-Stapel: (rot→türkis)
#a {"a":{"color":"türkis","factory_index":5,"moon_order":[],"row":0,"type":"stone"},"id":213,"p":1}
[R3] 🌙 KI: 1 (1)× türkis von F4 → Reihe 1 [1/1]
[R3] 🌙 F4 Mond-Stapel: (rot)
#a {"a":{"color":"schwarz","factory_id":1,"moon_order":["blau","blau","gelb"],"row":5,"source":"SMALL_FACTORY_SUN","type":"stone"},"id":190,"p":0}
[R3] ☀️  Erwin: 1× schwarz von F1 → Reihe 6 [6/6]
[R3] 🌙 F1 Mond-Stapel: (blau, blau→gelb)
#a {"a":{"color":"schwarz","factory_index":2,"moon_order":["türkis","rot"],"row":3,"type":"stone"},"id":180,"p":1}
[R3] ☀️  KI: 2× schwarz von F3 → Reihe 4 [2/4]
[R3] 🌙 F3 Mond-Stapel: (türkis→rot)
#a {"a":{"color":"blau","factory_id":2,"moon_order":["türkis","türkis"],"row":4,"source":"SMALL_FACTORY_SUN","type":"stone"},"id":41,"p":0}
[R3] ☀️  Erwin: 2× blau von F2 → Reihe 5 [2/5]
[R3] 🌙 F2 Mond-Stapel: (türkis→türkis)
#a {"a":{"color":"blau","factory_index":4,"moon_order":[],"row":1,"type":"stone"},"id":26,"p":1}
[R3] ☀️  KI: 1× blau von GF → Reihe 2 [1/2]
#a {"a":{"color":"gelb","factory_id":null,"moon_order":[],"row":2,"source":"SMALL_FACTORY_MOON","type":"stone"},"id":81,"p":0}
[R3] ❖ Erwin: Startspielerstein genommen (−2 Pkt am Rundenende → aktuell 10 Pkt)
[R3] 🌙 Erwin: 4 (1+3)× gelb von F1, GF → Reihe 3 [3/3] (+1 Strafleiste)
[R3] ⚠️  Erwin: 1× auf Strafleiste (Slots 1–1, -1 Pkt Strafe)
[R3] 🌙 F1 Mond-Stapel: (blau→blau)
[R3] 🌙 GF Moon-Pool: (rot)
#a {"a":{"color":"blau","factory_index":5,"moon_order":[],"row":1,"type":"stone"},"id":27,"p":1}
[R3] 🌙 KI: 1 (1)× blau von F1 → Reihe 2 [2/2]
[R3] 🌙 F1 Mond-Stapel: (blau)
#a {"a":{"color":"blau","factory_id":null,"moon_order":[],"row":4,"source":"SMALL_FACTORY_MOON","type":"stone"},"id":45,"p":0}
[R3] 🌙 Erwin: 1 (1)× blau von F1 → Reihe 5 [3/5]
[R3] 🌙 F1 Mond-Stapel: leer
[R3] 🎴 F1: Bonusplättchen aufgedeckt!
#a {"a":{"color":"rot","factory_index":5,"moon_order":[],"row":2,"type":"stone"},"id":129,"p":1}
[R3] 🌙 KI: 3 (1+1+1)× rot von F3, F4, GF → Reihe 3 [3/3]
[R3] 🌙 F3 Mond-Stapel: (türkis)
[R3] 🌙 F4 Mond-Stapel: leer
[R3] 🎴 F4: Bonusplättchen aufgedeckt!
[R3] 🌙 GF Moon-Pool: leer
#a {"a":{"color":"türkis","factory_id":null,"moon_order":[],"row":1,"source":"SMALL_FACTORY_MOON","type":"stone"},"id":219,"p":0}
[R3] 🌙 Erwin: 2 (1+1)× türkis von F2, F3 → Reihe 2 [2/2]
[R3] 🌙 F2 Mond-Stapel: (türkis)
[R3] 🌙 F3 Mond-Stapel: leer
[R3] 🎴 F3: Bonusplättchen aufgedeckt!
#a {"a":{"display_index":1,"slot_col":1,"slot_row":1,"type":"choose_dome_slot"},"id":341,"p":1}
#a {"a":{"rotation":90,"type":"choose_dome_rotation"},"id":392,"p":1}
[R3] KI: Kachel 13 → Slot (1,1) rot=90° [Plättchen 1/2]
#a {"a":{"id_rotation":394,"rotation":270,"slot_col":1,"slot_row":0,"tile_id":11,"type":"dome_display"},"id":338,"p":0}
[R3] Erwin: Kachel 11 → Slot (0,1) rot=270° [Plättchen 1/2]
#a {"a":{"color":"türkis","factory_index":5,"moon_order":[],"row":5,"type":"stone"},"id":243,"p":1}
[R3] 🌙 KI: 1 (1)× türkis von F2 → Reihe 6 [1/6]
[R3] 🌙 F2 Mond-Stapel: leer
[R3] 🎴 F2: Bonusplättchen aufgedeckt!
#a {"a":{"factory_id":2,"type":"bonus_chip"},"id":402,"p":0}
[R3] Erwin: Bonusplättchen von Fabrik 2 genommen [1/2 diese Runde]
#a {"a":{"display_index":0,"slot_col":2,"slot_row":1,"type":"choose_dome_slot"},"id":333,"p":1}
#a {"a":{"rotation":0,"type":"choose_dome_rotation"},"id":391,"p":1}
[R3] KI: Kachel 12 → Slot (1,2) rot=0° [Plättchen 2/2]
#a {"a":{"factory_id":4,"type":"bonus_chip"},"id":404,"p":0}
[R3] Erwin: Bonusplättchen von Fabrik 4 genommen [2/2 diese Runde]
#a {"a":{"factory_index":2,"type":"bonus_chip"},"id":403,"p":1}
[R3] KI: Bonusplättchen von Fabrik 3 genommen [1/2 diese Runde]
#a {"a":{"type":"dome_stack_peek"},"id":405,"p":0}
[R3] 📦 Erwin: 1. Kachel vom Stapel gezogen (Rückseite: Wild) −1 Pkt → 9 Gesamt
#a {"a":{"chosen_id":9,"id_rotation":392,"return_order":[],"rotation":90,"slot_col":2,"slot_row":2,"type":"dome_stack_choose"},"id":363,"p":0}
[R3] Erwin: Kachel 9 → Slot (2,2) rot=90° [Plättchen 2/2]
#a {"a":{"factory_index":0,"type":"bonus_chip"},"id":401,"p":1}
[R3] KI: Bonusplättchen von Fabrik 1 genommen [2/2 diese Runde]
[R3] Tiling-Phase beginnt.
[R3] Erwin: türkis → Slot (0,1) Space 2
[R3] 🎯 Erwin: +2 Pkt (Reihe 2 → Kuppel 1/2 - 2 horizontal)
[R3] Erwin: gelb → Slot (1,0) Space 0
[R3] 🎯 Erwin: +2 Pkt (Reihe 3 → Kuppel 2/1 - 2 horizontal)
[R3] 🎫 Erwin komplettiert Reihe 5 mit Bonus-Chips!
[R3] Erwin: blau → Slot (2,0) Space 0
[R3] 🎯 Erwin: +2 Pkt (Reihe 5 → Kuppel 3/1 - 2 horizontal)
[R3] Erwin: schwarz → Slot (2,0) Space 2 [Special freigeschaltet!]
[R3] 🎯 Erwin: +2 Pkt (Reihe 6 → Kuppel 3/1 - 2 vertikal)
[R3] ⭐ Erwin: +6 Spezial-Punkte (Kuppel-Bonus)
[R3] KI: türkis → Slot (0,0) Space 0
[R3] 🎯 KI: +3 Pkt (Reihe 1 → Kuppel 1/1 - 3 horizontal)
[R3] KI: blau → Slot (0,0) Space 2
[R3] 🎯 KI: +6 Pkt (Reihe 2 → Kuppel 1/1 - 3 horizontal + 3 vertikal)
[R3] KI: rot → Slot (1,0) Space 1
[R3] 🎯 KI: +6 Pkt (Reihe 3 → Kuppel 2/1 - 2 horizontal + 4 vertikal)
[R3] 🎫 KI komplettiert Reihe 4 mit Bonus-Chips!
[R3] KI: schwarz → Slot (1,0) Space 2
[R3] 🎯 KI: +6 Pkt (Reihe 4 → Kuppel 2/1 - 2 horizontal + 4 vertikal)
[R3] Erwin: Strafe -3 Pkt → 20 Gesamt
[R4] Runde 4 beginnt. Erwin ist Startspieler.
#a {"a":{"color":"schwarz","factory_id":4,"moon_order":["türkis","rot"],"row":3,"source":"SMALL_FACTORY_SUN","type":"stone"},"id":181,"p":0}
[R4] ☀️  Erwin: 2× schwarz von F4 → Reihe 4 [2/4]
[R4] 🌙 F4 Mond-Stapel: (türkis→rot)
#a {"a":{"color":"schwarz","factory_index":0,"moon_order":["rot","türkis","türkis"],"row":3,"type":"stone"},"id":178,"p":1}
[R4] ☀️  KI: 1× schwarz von F1 → Reihe 4 [1/4]
[R4] 🌙 F1 Mond-Stapel: (rot, türkis→türkis)
#a {"a":{"color":"schwarz","factory_id":2,"moon_order":["blau","blau","rot"],"row":3,"source":"SMALL_FACTORY_SUN","type":"stone"},"id":179,"p":0}
[R4] ☀️  Erwin: 1× schwarz von F2 → Reihe 4 [3/4]
[R4] 🌙 F2 Mond-Stapel: (blau, blau→rot)
#a {"a":{"color":"rot","factory_index":2,"moon_order":["gelb","blau","gelb"],"row":1,"type":"stone"},"id":120,"p":1}
[R4] ☀️  KI: 1× rot von F3 → Reihe 2 [1/2]
[R4] 🌙 F3 Mond-Stapel: (gelb, blau→gelb)
#a {"a":{"color":"rot","factory_id":null,"moon_order":[],"row":2,"source":"SMALL_FACTORY_MOON","type":"stone"},"id":129,"p":0}
[R4] 🌙 Erwin: 2 (1+1)× rot von F2, F4 → Reihe 3 [2/3]
[R4] 🌙 F2 Mond-Stapel: (blau→blau)
[R4] 🌙 F4 Mond-Stapel: (türkis)
#a {"a":{"color":"gelb","factory_index":4,"moon_order":[],"row":0,"type":"stone"},"id":68,"p":1}
[R4] ☀️  KI: 1× gelb von GF → Reihe 1 [1/1]
#a {"a":{"color":"gelb","factory_id":null,"moon_order":[],"row":1,"source":"SMALL_FACTORY_MOON","type":"stone"},"id":75,"p":0}
[R4] 🌙 Erwin: 1 (1)× gelb von F3 → Reihe 2 [1/2]
[R4] 🌙 F3 Mond-Stapel: (gelb→blau)
#a {"a":{"color":"rot","factory_index":5,"moon_order":[],"row":2,"type":"stone"},"id":129,"p":1}
[R4] ❖ KI: Startspielerstein genommen (−2 Pkt am Rundenende → aktuell 30 Pkt)
[R4] 🌙 KI: 2 (2)× rot von GF → Reihe 3 [2/3]
[R4] 🌙 GF Moon-Pool: (türkis, blau)
#a {"a":{"color":"blau","factory_id":null,"moon_order":[],"row":5,"source":"SMALL_FACTORY_MOON","type":"stone"},"id":51,"p":0}
[R4] 🌙 Erwin: 3 (1+1+1)× blau von F2, F3, GF → Reihe 6 [3/6]
[R4] 🌙 F2 Mond-Stapel: (blau)
[R4] 🌙 F3 Mond-Stapel: (gelb)
[R4] 🌙 GF Moon-Pool: (türkis)
#a {"a":{"color":"gelb","factory_index":5,"moon_order":[],"row":-1,"type":"stone"},"id":63,"p":1}
[R4] 🌙 KI: 1 (1)× gelb von F3 → Strafleiste
[R4] ⚠️  KI: 1× auf Strafleiste (Slots 1–1, -1 Pkt Strafe)
[R4] 🌙 F3 Mond-Stapel: leer
[R4] 🎴 F3: Bonusplättchen aufgedeckt!
#a {"a":{"color":"türkis","factory_id":null,"moon_order":[],"row":4,"source":"SMALL_FACTORY_MOON","type":"stone"},"id":237,"p":0}
[R4] 🌙 Erwin: 3 (1+1+1)× türkis von F1, F4, GF → Reihe 5 [3/5]
[R4] 🌙 F1 Mond-Stapel: (rot→türkis)
[R4] 🌙 F4 Mond-Stapel: leer
[R4] 🎴 F4: Bonusplättchen aufgedeckt!
[R4] 🌙 GF Moon-Pool: leer
#a {"a":{"display_index":1,"slot_col":2,"slot_row":2,"type":"choose_dome_slot"},"id":345,"p":1}
#a {"a":{"rotation":180,"type":"choose_dome_rotation"},"id":393,"p":1}
[R4] KI: Kachel 0 → Slot (2,2) rot=180° [Plättchen 1/2]
#a {"a":{"color":"blau","factory_id":null,"moon_order":[],"row":5,"source":"SMALL_FACTORY_MOON","type":"stone"},"id":51,"p":0}
[R4] 🌙 Erwin: 1 (1)× blau von F2 → Reihe 6 [4/6]
[R4] 🌙 F2 Mond-Stapel: leer
[R4] 🎴 F2: Bonusplättchen aufgedeckt!
#a {"a":{"factory_index":3,"type":"bonus_chip"},"id":404,"p":1}
[R4] KI: Bonusplättchen von Fabrik 4 genommen [1/2 diese Runde]
#a {"a":{"factory_id":3,"type":"bonus_chip"},"id":403,"p":0}
[R4] Erwin: Bonusplättchen von Fabrik 3 genommen [1/2 diese Runde]
#a {"a":{"factory_index":1,"type":"bonus_chip"},"id":402,"p":1}
[R4] KI: Bonusplättchen von Fabrik 2 genommen [2/2 diese Runde]
#a {"a":{"color":"türkis","factory_id":null,"moon_order":[],"row":4,"source":"SMALL_FACTORY_MOON","type":"stone"},"id":237,"p":0}
[R4] 🌙 Erwin: 1 (1)× türkis von F1 → Reihe 5 [4/5]
[R4] 🌙 F1 Mond-Stapel: (rot)
#a {"a":{"color":"rot","factory_index":5,"moon_order":[],"row":2,"type":"stone"},"id":129,"p":1}
[R4] 🌙 KI: 1 (1)× rot von F1 → Reihe 3 [3/3]
[R4] 🌙 F1 Mond-Stapel: leer
[R4] 🎴 F1: Bonusplättchen aufgedeckt!
#a {"a":{"factory_id":1,"type":"bonus_chip"},"id":401,"p":0}
[R4] Erwin: Bonusplättchen von Fabrik 1 genommen [2/2 diese Runde]
#a {"a":{"display_index":0,"slot_col":1,"slot_row":2,"type":"choose_dome_slot"},"id":335,"p":1}
#a {"a":{"rotation":0,"type":"choose_dome_rotation"},"id":391,"p":1}
[R4] KI: Kachel 4 → Slot (2,1) rot=0° [Plättchen 2/2]
#a {"a":{"id_rotation":391,"rotation":0,"slot_col":2,"slot_row":0,"tile_id":8,"type":"dome_display"},"id":330,"p":0}
[R4] Erwin: Kachel 8 → Slot (0,2) rot=0° [Plättchen 1/2]
#a {"a":{"type":"dome_stack_peek"},"id":405,"p":0}
[R4] 📦 Erwin: 1. Kachel vom Stapel gezogen (Rückseite: Special) −1 Pkt → 19 Gesamt
#a {"a":{"chosen_id":10,"id_rotation":391,"return_order":[],"rotation":0,"slot_col":2,"slot_row":1,"type":"dome_stack_choose"},"id":360,"p":0}
[R4] Erwin: Kachel 10 → Slot (1,2) rot=0° [Plättchen 2/2]
[R4] Tiling-Phase beginnt.
[R4] 🎫 Erwin komplettiert Reihe 4 mit Bonus-Chips!
[R4] Erwin: schwarz → Slot (1,0) Space 2 [Special freigeschaltet!]
[R4] 🎯 Erwin: +4 Pkt (Reihe 4 → Kuppel 2/1 - 4 vertikal)
[R4] ⭐ Erwin: +4 Spezial-Punkte (Kuppel-Bonus)
[R4] KI: gelb → Slot (0,1) Space 1
[R4] 🎯 KI: +4 Pkt (Reihe 1 → Kuppel 1/2 - 4 horizontal)
[R4] KI: rot → Slot (1,1) Space 1
[R4] 🎯 KI: +1 Pkt (Reihe 3 → Kuppel 2/2 - alleinstehend)
[R4] KI: Strafe -3 Pkt → 32 Gesamt
[R5] Runde 5 beginnt. KI ist Startspieler.
#a {"a":{"color":"schwarz","factory_index":1,"moon_order":["blau","gelb","gelb"],"row":0,"type":"stone"},"id":161,"p":1}
[R5] ☀️  KI: 1× schwarz von F2 → Reihe 1 [1/1]
[R5] 🌙 F2 Mond-Stapel: (blau, gelb→gelb)
#a {"a":{"color":"gelb","factory_id":4,"moon_order":["rot","schwarz","blau"],"row":1,"source":"SMALL_FACTORY_SUN","type":"stone"},"id":73,"p":0}
[R5] ☀️  Erwin: 1× gelb von F4 → Reihe 2 [2/2]
[R5] 🌙 F4 Mond-Stapel: (rot, schwarz→blau)
#a {"a":{"color":"schwarz","factory_index":0,"moon_order":["rot","rot","türkis"],"row":2,"type":"stone"},"id":172,"p":1}
[R5] ☀️  KI: 1× schwarz von F1 → Reihe 3 [1/3]
[R5] 🌙 F1 Mond-Stapel: (rot, rot→türkis)
#a {"a":{"color":"türkis","factory_id":null,"moon_order":[],"row":4,"source":"SMALL_FACTORY_MOON","type":"stone"},"id":237,"p":0}
[R5] 🌙 Erwin: 1 (1)× türkis von F1 → Reihe 5 [5/5]
[R5] 🌙 F1 Mond-Stapel: (rot→rot)
#a {"a":{"color":"schwarz","factory_index":2,"moon_order":["gelb","blau","gelb"],"row":2,"type":"stone"},"id":174,"p":1}
[R5] ☀️  KI: 1× schwarz von F3 → Reihe 3 [2/3]
[R5] 🌙 F3 Mond-Stapel: (gelb, blau→gelb)
#a {"a":{"color":"blau","factory_id":null,"moon_order":[],"row":5,"source":"SMALL_FACTORY_MOON","type":"stone"},"id":51,"p":0}
[R5] 🌙 Erwin: 1 (1)× blau von F4 → Reihe 6 [5/6]
[R5] 🌙 F4 Mond-Stapel: (rot→schwarz)
#a {"a":{"color":"schwarz","factory_index":5,"moon_order":[],"row":2,"type":"stone"},"id":177,"p":1}
[R5] 🌙 KI: 1 (1)× schwarz von F4 → Reihe 3 [3/3]
[R5] 🌙 F4 Mond-Stapel: (rot)
#a {"a":{"color":"rot","factory_id":null,"moon_order":[],"row":2,"source":"SMALL_FACTORY_MOON","type":"stone"},"id":129,"p":0}
[R5] 🌙 Erwin: 2 (1+1)× rot von F1, F4 → Reihe 3 [3/3] (+1 Strafleiste)
[R5] ⚠️  Erwin: 1× auf Strafleiste (Slots 1–1, -1 Pkt Strafe)
[R5] 🌙 F1 Mond-Stapel: (rot)
[R5] 🌙 F4 Mond-Stapel: leer
[R5] 🎴 F4: Bonusplättchen aufgedeckt!
#a {"a":{"color":"rot","factory_index":5,"moon_order":[],"row":1,"type":"stone"},"id":123,"p":1}
[R5] 🌙 KI: 1 (1)× rot von F1 → Reihe 2 [2/2]
[R5] 🌙 F1 Mond-Stapel: leer
[R5] 🎴 F1: Bonusplättchen aufgedeckt!
#a {"a":{"color":"blau","factory_id":null,"moon_order":[],"row":5,"source":"LARGE_FACTORY_SUN","type":"stone"},"id":50,"p":0}
[R5] ☀️  Erwin: 1× blau von GF → Reihe 6 [6/6]
#a {"a":{"factory_index":0,"type":"bonus_chip"},"id":401,"p":1}
[R5] KI: Bonusplättchen von Fabrik 1 genommen [1/2 diese Runde]
#a {"a":{"color":"türkis","factory_id":null,"moon_order":[],"row":0,"source":"SMALL_FACTORY_MOON","type":"stone"},"id":213,"p":0}
[R5] ❖ Erwin: Startspielerstein genommen (−2 Pkt am Rundenende → aktuell 27 Pkt)
[R5] 🌙 Erwin: 2 (2)× türkis von GF → Reihe 1 [1/1] (+1 Strafleiste)
[R5] ⚠️  Erwin: 1× auf Strafleiste (Slots 2–2, -2 Pkt Strafe)
[R5] 🌙 GF Moon-Pool: (gelb, gelb)
#a {"a":{"factory_index":3,"type":"bonus_chip"},"id":404,"p":1}
[R5] KI: Bonusplättchen von Fabrik 4 genommen [2/2 diese Runde]
#a {"a":{"color":"gelb","factory_id":null,"moon_order":[],"row":3,"source":"SMALL_FACTORY_MOON","type":"stone"},"id":87,"p":0}
[R5] 🌙 Erwin: 4 (1+1+2)× gelb von F2, F3, GF → Reihe 4 [4/4]
[R5] 🌙 F2 Mond-Stapel: (blau→gelb)
[R5] 🌙 F3 Mond-Stapel: (gelb→blau)
[R5] 🌙 GF Moon-Pool: leer
#a {"a":{"color":"gelb","factory_index":5,"moon_order":[],"row":-1,"type":"stone"},"id":63,"p":1}
[R5] 🌙 KI: 1 (1)× gelb von F2 → Strafleiste
[R5] ⚠️  KI: 1× auf Strafleiste (Slots 1–1, -1 Pkt Strafe)
[R5] 🌙 F2 Mond-Stapel: (blau)
#a {"a":{"color":"blau","factory_id":null,"moon_order":[],"row":-1,"source":"SMALL_FACTORY_MOON","type":"stone"},"id":15,"p":0}
[R5] 🌙 Erwin: 2 (1+1)× blau von F2, F3 → Strafleiste
[R5] ⚠️  Erwin: 2× auf Strafleiste (Slots 3–4, -7 Pkt Strafe)
[R5] 🌙 F2 Mond-Stapel: leer
[R5] 🎴 F2: Bonusplättchen aufgedeckt!
[R5] 🌙 F3 Mond-Stapel: (gelb)
#a {"a":{"color":"gelb","factory_index":5,"moon_order":[],"row":-1,"type":"stone"},"id":63,"p":1}
[R5] 🌙 KI: 1 (1)× gelb von F3 → Strafleiste
[R5] ⚠️  KI: 1× auf Strafleiste (Slots 2–2, -2 Pkt Strafe)
[R5] 🌙 F3 Mond-Stapel: leer
[R5] 🎴 F3: Bonusplättchen aufgedeckt!
#a {"a":{"factory_id":2,"type":"bonus_chip"},"id":402,"p":0}
[R5] Erwin: Bonusplättchen von Fabrik 2 genommen [1/2 diese Runde]
#a {"a":{"factory_id":3,"type":"bonus_chip"},"id":403,"p":0}
[R5] Erwin: Bonusplättchen von Fabrik 3 genommen [2/2 diese Runde]
[R5] Tiling-Phase beginnt.
[R5] ⚠️  Erwin: Musterreihe 4 (gelb) nicht platzierbar → 4× Strafleiste
[R5] Erwin: türkis → Slot (0,2) Space 0
[R5] 🎯 Erwin: +1 Pkt (Reihe 1 → Kuppel 1/3 - alleinstehend)
[R5] Erwin: gelb → Slot (0,0) Space 2
[R5] 🎯 Erwin: +9 Pkt (Reihe 2 → Kuppel 1/1 - 3 horizontal + 6 vertikal)
[R5] Erwin: rot → Slot (1,1) Space 0
[R5] 🎯 Erwin: +6 Pkt (Reihe 3 → Kuppel 2/2 - 3 horizontal + 3 vertikal)
[R5] Erwin: türkis → Slot (2,1) Space 1
[R5] 🎯 Erwin: +1 Pkt (Reihe 5 → Kuppel 3/2 - alleinstehend)
[R5] Erwin: blau → Slot (2,1) Space 2
[R5] 🎯 Erwin: +3 Pkt (Reihe 6 → Kuppel 3/2 - 3 horizontal)
[R5] KI: schwarz → Slot (0,2) Space 0
[R5] 🎯 KI: +5 Pkt (Reihe 1 → Kuppel 1/3 - 5 horizontal)
[R5] KI: rot → Slot (0,2) Space 3
[R5] 🎯 KI: +1 Pkt (Reihe 2 → Kuppel 1/3 - alleinstehend)
[R5] KI: schwarz → Slot (1,2) Space 1
[R5] 🎯 KI: +2 Pkt (Reihe 3 → Kuppel 2/3 - 2 vertikal)
[R5] Erwin: Strafe -12 Pkt → 35 Gesamt
[R5] KI: Strafe -3 Pkt → 37 Gesamt
[R5] Das Spiel ist beendet!
# ============================================================
# SPIELENDE: [35, 37]
# Seed: 300512
[R5] 🏆 Erwin: Endwertung 5 Pkt → Gesamt: 40 Pkt
[R5]    ↕️ Vertikale Reihen: 14 Pkt
[R5]    ↔️ Horizontale Reihen: 0 Pkt
[R5]    ⭐ Spezialfelder: -9 Pkt
[R5] 🏆 KI: Endwertung -12 Pkt → Gesamt: 25 Pkt
[R5]    ↕️ Vertikale Reihen: 0 Pkt
[R5]    ↔️ Horizontale Reihen: 0 Pkt
[R5]    ⭐ Spezialfelder: -12 Pkt
