🏟️ Mosaic-AI ARENA — Netz vs Heuristik (Rust) 🏟️
  v16_best (Brett 0, 400 Sims) vs Heuristik(s150) (Brett 1, 150 Sims) — 400 Spiele  [SPRT p1=0.64, α=0.05, β=0.1]
--------------------------------------------------
  #  1/400:  67:30  -> v16_best                 | Züge 180 | LLR_Netz +0.25 | LLR_Heur -0.33 | ΔElo~+120 | Stand Netz 1:0 Heur | Elo 1016/984
  #  2/400:  52:72  -> Heuristik(s150)          | Züge 173 | LLR_Netz -0.08 | LLR_Heur -0.08 | ΔElo~-0 | Stand Netz 1:1 Heur | Elo 999/1001
  #  3/400:  37:56  -> Heuristik(s150)          | Züge 171 | LLR_Netz -0.41 | LLR_Heur +0.17 | ΔElo~-70 | Stand Netz 1:2 Heur | Elo 983/1017
  #  4/400:  26:48  -> Heuristik(s150)          | Züge 171 | LLR_Netz -0.74 | LLR_Heur +0.41 | ΔElo~-120 | Stand Netz 1:3 Heur | Elo 969/1031
  #  5/400:  61:35  -> v16_best                 | Züge 172 | LLR_Netz -0.49 | LLR_Heur +0.08 | ΔElo~-50 | Stand Netz 2:3 Heur | Elo 988/1012
  #  6/400:  30:10  -> v16_best                 | Züge 180 | LLR_Netz -0.24 | LLR_Heur -0.24 | ΔElo~-0 | Stand Netz 3:3 Heur | Elo 1005/995
  #  7/400:  58:45  -> v16_best                 | Züge 173 | LLR_Netz +0.00 | LLR_Heur -0.57 | ΔElo~+39 | Stand Netz 4:3 Heur | Elo 1021/979
  #  8/400:  42:36  -> v16_best                 | Züge 177 | LLR_Netz +0.25 | LLR_Heur -0.90 | ΔElo~+70 | Stand Netz 5:3 Heur | Elo 1035/965
  #  9/400:  38:18  -> v16_best                 | Züge 171 | LLR_Netz +0.50 | LLR_Heur -1.23 | ΔElo~+97 | Stand Netz 6:3 Heur | Elo 1048/952
  # 10/400:  61:34  -> v16_best                 | Züge 175 | LLR_Netz +0.74 | LLR_Heur -1.56 | ΔElo~+120 | Stand Netz 7:3 Heur | Elo 1060/940
  # 11/400:  41:24  -> v16_best                 | Züge 169 | LLR_Netz +0.99 | LLR_Heur -1.89 | ΔElo~+141 | Stand Netz 8:3 Heur | Elo 1071/929
  # 12/400:  38:40  -> Heuristik(s150)          | Züge 171 | LLR_Netz +0.66 | LLR_Heur -1.64 | ΔElo~+102 | Stand Netz 8:4 Heur | Elo 1049/951
  # 13/400:  46:76  -> Heuristik(s150)          | Züge 168 | LLR_Netz +0.33 | LLR_Heur -1.39 | ΔElo~+70 | Stand Netz 8:5 Heur | Elo 1029/971
  # 14/400:  32:25  -> v16_best                 | Züge 167 | LLR_Netz +0.58 | LLR_Heur -1.72 | ΔElo~+89 | Stand Netz 9:5 Heur | Elo 1042/958
  # 15/400:  68:60  -> v16_best                 | Züge 168 | LLR_Netz +0.83 | LLR_Heur -2.05 | ΔElo~+105 | Stand Netz 10:5 Heur | Elo 1054/946
  # 16/400:  60:47  -> v16_best                 | Züge 177 | LLR_Netz +1.07 | LLR_Heur -2.38 | ΔElo~+120 | Stand Netz 11:5 Heur | Elo 1065/935
  # 17/400:  17:13  -> v16_best                 | Züge 166 | LLR_Netz +1.32 | LLR_Heur -2.38 | ΔElo~+134 | Stand Netz 12:5 Heur | Elo 1075/925
  # 18/400:  62:17  -> v16_best                 | Züge 177 | LLR_Netz +1.57 | LLR_Heur -2.38 | ΔElo~+147 | Stand Netz 13:5 Heur | Elo 1084/916
  # 19/400:  50:46  -> v16_best                 | Züge 175 | LLR_Netz +1.81 | LLR_Heur -2.38 | ΔElo~+159 | Stand Netz 14:5 Heur | Elo 1093/907
  # 20/400:  64:44  -> v16_best                 | Züge 173 | LLR_Netz +2.06 | LLR_Heur -2.38 | ΔElo~+170 | Stand Netz 15:5 Heur | Elo 1101/899
  # 21/400:  50:31  -> v16_best                 | Züge 172 | LLR_Netz +2.31 | LLR_Heur -2.38 | ΔElo~+181 | Stand Netz 16:5 Heur | Elo 1109/891
  # 22/400:  31:26  -> v16_best                 | Züge 168 | LLR_Netz +2.55 | LLR_Heur -2.38 | ΔElo~+191 | Stand Netz 17:5 Heur | Elo 1116/884
  # 23/400:  35:31  -> v16_best                 | Züge 176 | LLR_Netz +2.80 | LLR_Heur -2.38 | ΔElo~+200 | Stand Netz 18:5 Heur | Elo 1123/877
  # 24/400:  10:33  -> Heuristik(s150)          | Züge 180 | LLR_Netz +2.47 | LLR_Heur -2.38 | ΔElo~+173 | Stand Netz 18:6 Heur | Elo 1097/903
  # 25/400:  70:50  -> v16_best                 | Züge 175 | LLR_Netz +2.72 | LLR_Heur -2.38 | ΔElo~+182 | Stand Netz 19:6 Heur | Elo 1105/895
  # 26/400:  15:46  -> Heuristik(s150)          | Züge 184 | LLR_Netz +2.39 | LLR_Heur -2.38 | ΔElo~+159 | Stand Netz 19:7 Heur | Elo 1080/920
  # 27/400:  51:35  -> v16_best                 | Züge 164 | LLR_Netz +2.64 | LLR_Heur -2.38 | ΔElo~+168 | Stand Netz 20:7 Heur | Elo 1089/911
  # 28/400:  50:54  -> Heuristik(s150)          | Züge 165 | LLR_Netz +2.31 | LLR_Heur -2.38 | ΔElo~+147 | Stand Netz 20:8 Heur | Elo 1065/935
  # 29/400:  45:52  -> Heuristik(s150)          | Züge 177 | LLR_Netz +1.98 | LLR_Heur -2.38 | ΔElo~+129 | Stand Netz 20:9 Heur | Elo 1043/957
  # 30/400:  57:61  -> Heuristik(s150)          | Züge 170 | LLR_Netz +1.65 | LLR_Heur -2.38 | ΔElo~+112 | Stand Netz 20:10 Heur | Elo 1023/977
  # 31/400:  23:51  -> Heuristik(s150)          | Züge 171 | LLR_Netz +1.32 | LLR_Heur -2.38 | ΔElo~+97 | Stand Netz 20:11 Heur | Elo 1005/995
  # 32/400:  37:32  -> v16_best                 | Züge 168 | LLR_Netz +1.57 | LLR_Heur -2.38 | ΔElo~+105 | Stand Netz 21:11 Heur | Elo 1021/979
  # 33/400:  74:45  -> v16_best                 | Züge 178 | LLR_Netz +1.82 | LLR_Heur -2.38 | ΔElo~+113 | Stand Netz 22:11 Heur | Elo 1035/965
  # 34/400:  76:32  -> v16_best                 | Züge 173 | LLR_Netz +2.06 | LLR_Heur -2.38 | ΔElo~+120 | Stand Netz 23:11 Heur | Elo 1048/952
  # 35/400:  72:62  -> v16_best                 | Züge 172 | LLR_Netz +2.31 | LLR_Heur -2.38 | ΔElo~+128 | Stand Netz 24:11 Heur | Elo 1060/940
  # 36/400:  62:47  -> v16_best                 | Züge 169 | LLR_Netz +2.56 | LLR_Heur -2.38 | ΔElo~+134 | Stand Netz 25:11 Heur | Elo 1071/929
  # 37/400:  20:35  -> Heuristik(s150)          | Züge 171 | LLR_Netz +2.23 | LLR_Heur -2.38 | ΔElo~+120 | Stand Netz 25:12 Heur | Elo 1049/951
  # 38/400:  64:22  -> v16_best                 | Züge 167 | LLR_Netz +2.48 | LLR_Heur -2.38 | ΔElo~+127 | Stand Netz 26:12 Heur | Elo 1061/939
  # 39/400:  43:51  -> Heuristik(s150)          | Züge 175 | LLR_Netz +2.15 | LLR_Heur -2.38 | ΔElo~+114 | Stand Netz 26:13 Heur | Elo 1040/960
  # 40/400:  24:37  -> Heuristik(s150)          | Züge 173 | LLR_Netz +1.82 | LLR_Heur -2.38 | ΔElo~+102 | Stand Netz 26:14 Heur | Elo 1020/980
  # 41/400:  43:10  -> v16_best                 | Züge 182 | LLR_Netz +2.07 | LLR_Heur -2.38 | ΔElo~+108 | Stand Netz 27:14 Heur | Elo 1034/966
  # 42/400:  19:53  -> Heuristik(s150)          | Züge 166 | LLR_Netz +1.74 | LLR_Heur -2.38 | ΔElo~+97 | Stand Netz 27:15 Heur | Elo 1015/985
  # 43/400:  61:47  -> v16_best                 | Züge 167 | LLR_Netz +1.98 | LLR_Heur -2.38 | ΔElo~+103 | Stand Netz 28:15 Heur | Elo 1030/970
  # 44/400:  48:34  -> v16_best                 | Züge 163 | LLR_Netz +2.23 | LLR_Heur -2.38 | ΔElo~+109 | Stand Netz 29:15 Heur | Elo 1043/957
  # 45/400:  45:18  -> v16_best                 | Züge 172 | LLR_Netz +2.48 | LLR_Heur -2.38 | ΔElo~+115 | Stand Netz 30:15 Heur | Elo 1055/945
  # 46/400:  32:22  -> v16_best                 | Züge 174 | LLR_Netz +2.73 | LLR_Heur -2.38 | ΔElo~+120 | Stand Netz 31:15 Heur | Elo 1066/934
  # 47/400:  74:47  -> v16_best                 | Züge 178 | LLR_Netz +2.97 | LLR_Heur -2.38 | ΔElo~+126 | Stand Netz 32:15 Heur | Elo 1076/924
  ⏹️  SPRT-Entscheid nach 47 Spielen: v16_best signifikant staerker (LLR_Netz=+2.97, LLR_Heur=-2.38).
--------------------------------------------------
🏆 ERGEBNIS: v16_best 32:15 Heuristik(s150) (68% Netz-Siege) in 167.2s (0.3 Spiele/s)  [vorzeitig nach 47/400 Spielen]
   Ø Score: v16_best 46.4 | Heuristik(s150) 39.1
   0:0-Spiele: 0/47 (0.0%)  (Sauberkeits-Indikator)
   Ø Floor-Strafe: v16_best 10.2 | Heuristik(s150) 17.0
   Elo: v16_best 1076 | Heuristik(s150) 924
