🏟️ Mosaic-AI ARENA — Netz vs Heuristik (Rust) 🏟️
  v15_best (Brett 0, 400 Sims) vs Heuristik(s150) (Brett 1, 150 Sims) — 400 Spiele  [SPRT p1=0.64, α=0.05, β=0.1]
--------------------------------------------------
  #  1/400:  47:19  -> v15_best                 | Züge 176 | LLR_Netz +0.25 | LLR_Heur -0.33 | ΔElo~+120 | Stand Netz 1:0 Heur | Elo 1016/984
  #  2/400:  39:29  -> v15_best                 | Züge 172 | LLR_Netz +0.49 | LLR_Heur -0.66 | ΔElo~+191 | Stand Netz 2:0 Heur | Elo 1031/969
  #  3/400:  47:33  -> v15_best                 | Züge 176 | LLR_Netz +0.74 | LLR_Heur -0.99 | ΔElo~+241 | Stand Netz 3:0 Heur | Elo 1044/956
  #  4/400:  36:49  -> Heuristik(s150)          | Züge 168 | LLR_Netz +0.41 | LLR_Heur -0.74 | ΔElo~+120 | Stand Netz 3:1 Heur | Elo 1024/976
  #  5/400:  48:30  -> v15_best                 | Züge 164 | LLR_Netz +0.66 | LLR_Heur -1.07 | ΔElo~+159 | Stand Netz 4:1 Heur | Elo 1038/962
  #  6/400:  49:34  -> v15_best                 | Züge 171 | LLR_Netz +0.91 | LLR_Heur -1.40 | ΔElo~+191 | Stand Netz 5:1 Heur | Elo 1051/949
  #  7/400:  41:59  -> Heuristik(s150)          | Züge 171 | LLR_Netz +0.58 | LLR_Heur -1.15 | ΔElo~+120 | Stand Netz 5:2 Heur | Elo 1030/970
  #  8/400:  39:44  -> Heuristik(s150)          | Züge 162 | LLR_Netz +0.25 | LLR_Heur -0.90 | ΔElo~+70 | Stand Netz 5:3 Heur | Elo 1011/989
  #  9/400:  43:6   -> v15_best                 | Züge 168 | LLR_Netz +0.50 | LLR_Heur -1.23 | ΔElo~+97 | Stand Netz 6:3 Heur | Elo 1026/974
  # 10/400:  51:51  -> Heuristik(s150)          | Züge 169 | LLR_Netz +0.17 | LLR_Heur -0.98 | ΔElo~+58 | Stand Netz 6:4 Heur | Elo 1008/992
  # 11/400:  32:35  -> Heuristik(s150)          | Züge 180 | LLR_Netz -0.16 | LLR_Heur -0.74 | ΔElo~+27 | Stand Netz 6:5 Heur | Elo 991/1009
  # 12/400:  16:0   -> v15_best                 | Züge 178 | LLR_Netz +0.09 | LLR_Heur -1.07 | ΔElo~+50 | Stand Netz 7:5 Heur | Elo 1008/992
  # 13/400:   6:3   -> v15_best                 | Züge 162 | LLR_Netz +0.33 | LLR_Heur -1.39 | ΔElo~+70 | Stand Netz 8:5 Heur | Elo 1023/977
  # 14/400:  46:35  -> v15_best                 | Züge 182 | LLR_Netz +0.58 | LLR_Heur -1.72 | ΔElo~+89 | Stand Netz 9:5 Heur | Elo 1037/963
  # 15/400:  57:56  -> v15_best                 | Züge 174 | LLR_Netz +0.83 | LLR_Heur -2.05 | ΔElo~+105 | Stand Netz 10:5 Heur | Elo 1050/950
  # 16/400:  34:39  -> Heuristik(s150)          | Züge 170 | LLR_Netz +0.50 | LLR_Heur -1.80 | ΔElo~+79 | Stand Netz 10:6 Heur | Elo 1030/970
  # 17/400:  48:61  -> Heuristik(s150)          | Züge 187 | LLR_Netz +0.17 | LLR_Heur -1.56 | ΔElo~+55 | Stand Netz 10:7 Heur | Elo 1011/989
  # 18/400:  60:45  -> v15_best                 | Züge 169 | LLR_Netz +0.42 | LLR_Heur -1.89 | ΔElo~+70 | Stand Netz 11:7 Heur | Elo 1026/974
  # 19/400:  24:35  -> Heuristik(s150)          | Züge 164 | LLR_Netz +0.09 | LLR_Heur -1.64 | ΔElo~+50 | Stand Netz 11:8 Heur | Elo 1008/992
  # 20/400:  24:54  -> Heuristik(s150)          | Züge 169 | LLR_Netz -0.24 | LLR_Heur -1.39 | ΔElo~+32 | Stand Netz 11:9 Heur | Elo 991/1009
  # 21/400:  26:18  -> v15_best                 | Züge 181 | LLR_Netz +0.01 | LLR_Heur -1.72 | ΔElo~+46 | Stand Netz 12:9 Heur | Elo 1008/992
  # 22/400:  58:45  -> v15_best                 | Züge 176 | LLR_Netz +0.25 | LLR_Heur -2.05 | ΔElo~+58 | Stand Netz 13:9 Heur | Elo 1023/977
  # 23/400:  25:22  -> v15_best                 | Züge 177 | LLR_Netz +0.50 | LLR_Heur -2.38 | ΔElo~+70 | Stand Netz 14:9 Heur | Elo 1037/963
  # 24/400:  53:39  -> v15_best                 | Züge 167 | LLR_Netz +0.75 | LLR_Heur -2.38 | ΔElo~+82 | Stand Netz 15:9 Heur | Elo 1050/950
  # 25/400:  10:16  -> Heuristik(s150)          | Züge 179 | LLR_Netz +0.42 | LLR_Heur -2.38 | ΔElo~+65 | Stand Netz 15:10 Heur | Elo 1030/970
  # 26/400:  48:47  -> v15_best                 | Züge 176 | LLR_Netz +0.66 | LLR_Heur -2.38 | ΔElo~+76 | Stand Netz 16:10 Heur | Elo 1043/957
  # 27/400:  43:43  -> v15_best                 | Züge 176 | LLR_Netz +0.91 | LLR_Heur -2.38 | ΔElo~+86 | Stand Netz 17:10 Heur | Elo 1055/945
  # 28/400:  23:54  -> Heuristik(s150)          | Züge 176 | LLR_Netz +0.58 | LLR_Heur -2.38 | ΔElo~+70 | Stand Netz 17:11 Heur | Elo 1034/966
  # 29/400:  58:41  -> v15_best                 | Züge 171 | LLR_Netz +0.83 | LLR_Heur -2.38 | ΔElo~+80 | Stand Netz 18:11 Heur | Elo 1047/953
  # 30/400:  35:34  -> v15_best                 | Züge 172 | LLR_Netz +1.08 | LLR_Heur -2.38 | ΔElo~+89 | Stand Netz 19:11 Heur | Elo 1059/941
  # 31/400:  60:64  -> Heuristik(s150)          | Züge 176 | LLR_Netz +0.75 | LLR_Heur -2.38 | ΔElo~+75 | Stand Netz 19:12 Heur | Elo 1038/962
  # 32/400:  53:32  -> v15_best                 | Züge 166 | LLR_Netz +1.00 | LLR_Heur -2.38 | ΔElo~+83 | Stand Netz 20:12 Heur | Elo 1051/949
  # 33/400:  52:42  -> v15_best                 | Züge 176 | LLR_Netz +1.24 | LLR_Heur -2.38 | ΔElo~+91 | Stand Netz 21:12 Heur | Elo 1062/938
  # 34/400:  58:60  -> Heuristik(s150)          | Züge 168 | LLR_Netz +0.91 | LLR_Heur -2.38 | ΔElo~+79 | Stand Netz 21:13 Heur | Elo 1041/959
  # 35/400:  43:14  -> v15_best                 | Züge 164 | LLR_Netz +1.16 | LLR_Heur -2.38 | ΔElo~+86 | Stand Netz 22:13 Heur | Elo 1053/947
  # 36/400:  43:31  -> v15_best                 | Züge 168 | LLR_Netz +1.41 | LLR_Heur -2.38 | ΔElo~+94 | Stand Netz 23:13 Heur | Elo 1064/936
  # 37/400:  43:55  -> Heuristik(s150)          | Züge 177 | LLR_Netz +1.08 | LLR_Heur -2.38 | ΔElo~+82 | Stand Netz 23:14 Heur | Elo 1042/958
  # 38/400:  47:43  -> v15_best                 | Züge 173 | LLR_Netz +1.33 | LLR_Heur -2.38 | ΔElo~+89 | Stand Netz 24:14 Heur | Elo 1054/946
  # 39/400:  26:31  -> Heuristik(s150)          | Züge 178 | LLR_Netz +1.00 | LLR_Heur -2.38 | ΔElo~+78 | Stand Netz 24:15 Heur | Elo 1033/967
  # 40/400:  31:40  -> Heuristik(s150)          | Züge 179 | LLR_Netz +0.67 | LLR_Heur -2.38 | ΔElo~+67 | Stand Netz 24:16 Heur | Elo 1014/986
  # 41/400:  11:4   -> v15_best                 | Züge 179 | LLR_Netz +0.92 | LLR_Heur -2.38 | ΔElo~+74 | Stand Netz 25:16 Heur | Elo 1029/971
  # 42/400:  65:32  -> v15_best                 | Züge 165 | LLR_Netz +1.16 | LLR_Heur -2.38 | ΔElo~+80 | Stand Netz 26:16 Heur | Elo 1042/958
  # 43/400:  50:40  -> v15_best                 | Züge 169 | LLR_Netz +1.41 | LLR_Heur -2.38 | ΔElo~+87 | Stand Netz 27:16 Heur | Elo 1054/946
  # 44/400:  21:52  -> Heuristik(s150)          | Züge 177 | LLR_Netz +1.08 | LLR_Heur -2.38 | ΔElo~+77 | Stand Netz 27:17 Heur | Elo 1033/967
  # 45/400:  10:28  -> Heuristik(s150)          | Züge 178 | LLR_Netz +0.75 | LLR_Heur -2.38 | ΔElo~+67 | Stand Netz 27:18 Heur | Elo 1014/986
  # 46/400:  78:62  -> v15_best                 | Züge 169 | LLR_Netz +1.00 | LLR_Heur -2.38 | ΔElo~+73 | Stand Netz 28:18 Heur | Elo 1029/971
  # 47/400:  63:61  -> v15_best                 | Züge 170 | LLR_Netz +1.25 | LLR_Heur -2.38 | ΔElo~+79 | Stand Netz 29:18 Heur | Elo 1042/958
  # 48/400:  14:24  -> Heuristik(s150)          | Züge 172 | LLR_Netz +0.92 | LLR_Heur -2.38 | ΔElo~+70 | Stand Netz 29:19 Heur | Elo 1022/978
  # 49/400:  12:48  -> Heuristik(s150)          | Züge 174 | LLR_Netz +0.59 | LLR_Heur -2.38 | ΔElo~+62 | Stand Netz 29:20 Heur | Elo 1004/996
  # 50/400:  49:51  -> Heuristik(s150)          | Züge 169 | LLR_Netz +0.26 | LLR_Heur -2.38 | ΔElo~+54 | Stand Netz 29:21 Heur | Elo 988/1012
  # 51/400:   3:22  -> Heuristik(s150)          | Züge 168 | LLR_Netz -0.07 | LLR_Heur -2.38 | ΔElo~+46 | Stand Netz 29:22 Heur | Elo 973/1027
  # 52/400:  27:46  -> Heuristik(s150)          | Züge 172 | LLR_Netz -0.40 | LLR_Heur -2.38 | ΔElo~+39 | Stand Netz 29:23 Heur | Elo 959/1041
  # 53/400:  31:44  -> Heuristik(s150)          | Züge 182 | LLR_Netz -0.73 | LLR_Heur -2.38 | ΔElo~+32 | Stand Netz 29:24 Heur | Elo 947/1053
  # 54/400:  11:36  -> Heuristik(s150)          | Züge 175 | LLR_Netz -1.05 | LLR_Heur -2.38 | ΔElo~+25 | Stand Netz 29:25 Heur | Elo 936/1064
  # 55/400:  43:68  -> Heuristik(s150)          | Züge 170 | LLR_Netz -1.38 | LLR_Heur -2.38 | ΔElo~+18 | Stand Netz 29:26 Heur | Elo 926/1074
  # 56/400:  27:11  -> v15_best                 | Züge 159 | LLR_Netz -1.14 | LLR_Heur -2.38 | ΔElo~+24 | Stand Netz 30:26 Heur | Elo 948/1052
  # 57/400:  47:19  -> v15_best                 | Züge 179 | LLR_Netz -0.89 | LLR_Heur -2.38 | ΔElo~+30 | Stand Netz 31:26 Heur | Elo 969/1031
  # 58/400:  35:32  -> v15_best                 | Züge 163 | LLR_Netz -0.64 | LLR_Heur -2.38 | ΔElo~+35 | Stand Netz 32:26 Heur | Elo 988/1012
  # 59/400:  44:31  -> v15_best                 | Züge 176 | LLR_Netz -0.39 | LLR_Heur -2.38 | ΔElo~+40 | Stand Netz 33:26 Heur | Elo 1005/995
  # 60/400:  21:8   -> v15_best                 | Züge 170 | LLR_Netz -0.15 | LLR_Heur -2.38 | ΔElo~+45 | Stand Netz 34:26 Heur | Elo 1021/979
  # 61/400:  34:22  -> v15_best                 | Züge 166 | LLR_Netz +0.10 | LLR_Heur -2.38 | ΔElo~+50 | Stand Netz 35:26 Heur | Elo 1035/965
  # 62/400:  43:40  -> v15_best                 | Züge 170 | LLR_Netz +0.35 | LLR_Heur -2.38 | ΔElo~+55 | Stand Netz 36:26 Heur | Elo 1048/952
  # 63/400:  12:25  -> Heuristik(s150)          | Züge 169 | LLR_Netz +0.02 | LLR_Heur -2.38 | ΔElo~+48 | Stand Netz 36:27 Heur | Elo 1028/972
  # 64/400:  65:44  -> v15_best                 | Züge 173 | LLR_Netz +0.26 | LLR_Heur -2.38 | ΔElo~+53 | Stand Netz 37:27 Heur | Elo 1041/959
  # 65/400:  52:32  -> v15_best                 | Züge 170 | LLR_Netz +0.51 | LLR_Heur -2.38 | ΔElo~+58 | Stand Netz 38:27 Heur | Elo 1053/947
  # 66/400:  41:28  -> v15_best                 | Züge 167 | LLR_Netz +0.76 | LLR_Heur -2.38 | ΔElo~+62 | Stand Netz 39:27 Heur | Elo 1064/936
  # 67/400:   8:35  -> Heuristik(s150)          | Züge 182 | LLR_Netz +0.43 | LLR_Heur -2.38 | ΔElo~+56 | Stand Netz 39:28 Heur | Elo 1042/958
  # 68/400:  82:51  -> v15_best                 | Züge 170 | LLR_Netz +0.68 | LLR_Heur -2.38 | ΔElo~+60 | Stand Netz 40:28 Heur | Elo 1054/946
  # 69/400:  21:34  -> Heuristik(s150)          | Züge 172 | LLR_Netz +0.35 | LLR_Heur -2.38 | ΔElo~+54 | Stand Netz 40:29 Heur | Elo 1033/967
  # 70/400:  16:45  -> Heuristik(s150)          | Züge 166 | LLR_Netz +0.02 | LLR_Heur -2.38 | ΔElo~+49 | Stand Netz 40:30 Heur | Elo 1014/986
  # 71/400:  38:40  -> Heuristik(s150)          | Züge 183 | LLR_Netz -0.31 | LLR_Heur -2.38 | ΔElo~+43 | Stand Netz 40:31 Heur | Elo 997/1003
  # 72/400:  83:33  -> v15_best                 | Züge 171 | LLR_Netz -0.06 | LLR_Heur -2.38 | ΔElo~+47 | Stand Netz 41:31 Heur | Elo 1013/987
  # 73/400:  67:67  -> v15_best                 | Züge 174 | LLR_Netz +0.18 | LLR_Heur -2.38 | ΔElo~+51 | Stand Netz 42:31 Heur | Elo 1028/972
  # 74/400:  35:56  -> Heuristik(s150)          | Züge 180 | LLR_Netz -0.14 | LLR_Heur -2.38 | ΔElo~+46 | Stand Netz 42:32 Heur | Elo 1009/991
  # 75/400:  46:55  -> Heuristik(s150)          | Züge 173 | LLR_Netz -0.47 | LLR_Heur -2.38 | ΔElo~+41 | Stand Netz 42:33 Heur | Elo 992/1008
  # 76/400:  61:51  -> v15_best                 | Züge 171 | LLR_Netz -0.23 | LLR_Heur -2.38 | ΔElo~+45 | Stand Netz 43:33 Heur | Elo 1009/991
  # 77/400:  54:47  -> v15_best                 | Züge 172 | LLR_Netz +0.02 | LLR_Heur -2.38 | ΔElo~+49 | Stand Netz 44:33 Heur | Elo 1024/976
  # 78/400:  54:55  -> Heuristik(s150)          | Züge 174 | LLR_Netz -0.31 | LLR_Heur -2.38 | ΔElo~+44 | Stand Netz 44:34 Heur | Elo 1006/994
  # 79/400:  37:39  -> Heuristik(s150)          | Züge 172 | LLR_Netz -0.64 | LLR_Heur -2.38 | ΔElo~+39 | Stand Netz 44:35 Heur | Elo 989/1011
  # 80/400:  28:58  -> Heuristik(s150)          | Züge 168 | LLR_Netz -0.96 | LLR_Heur -2.38 | ΔElo~+34 | Stand Netz 44:36 Heur | Elo 974/1026
  # 81/400:  42:58  -> Heuristik(s150)          | Züge 171 | LLR_Netz -1.29 | LLR_Heur -2.38 | ΔElo~+29 | Stand Netz 44:37 Heur | Elo 960/1040
  # 82/400:  28:35  -> Heuristik(s150)          | Züge 171 | LLR_Netz -1.62 | LLR_Heur -2.38 | ΔElo~+25 | Stand Netz 44:38 Heur | Elo 948/1052
  # 83/400:  43:22  -> v15_best                 | Züge 182 | LLR_Netz -1.37 | LLR_Heur -2.38 | ΔElo~+29 | Stand Netz 45:38 Heur | Elo 969/1031
  # 84/400:  22:24  -> Heuristik(s150)          | Züge 173 | LLR_Netz -1.70 | LLR_Heur -2.38 | ΔElo~+24 | Stand Netz 45:39 Heur | Elo 956/1044
  # 85/400:  50:52  -> Heuristik(s150)          | Züge 172 | LLR_Netz -2.03 | LLR_Heur -2.38 | ΔElo~+20 | Stand Netz 45:40 Heur | Elo 944/1056
  # 86/400:  21:42  -> Heuristik(s150)          | Züge 174 | LLR_Netz -2.36 | LLR_Heur -2.38 | ΔElo~+16 | Stand Netz 45:41 Heur | Elo 933/1067
  ⏹️  SPRT-Entscheid nach 86 Spielen: Gleich stark (beide Seiten nicht signifikant staerker) (LLR_Netz=-2.36, LLR_Heur=-2.38).
--------------------------------------------------
🏆 ERGEBNIS: v15_best 45:41 Heuristik(s150) (52% Netz-Siege) in 251.1s (0.3 Spiele/s)  [vorzeitig nach 86/400 Spielen]
   Ø Score: v15_best 39.2 | Heuristik(s150) 38.3
   0:0-Spiele: 0/86 (0.0%)  (Sauberkeits-Indikator)
   Ø Floor-Strafe: v15_best 11.2 | Heuristik(s150) 15.7
   Elo: v15_best 933 | Heuristik(s150) 1067
