Gepaartes Gating (Task #76): v15_best@400 (c_puct=1.5) vs v15_f2k_best@400 (c_puct=1.5) -- Basis-Seed=173799137, Bloecke a 25 Paare, harter Deckel 200 Paare
  SPRT: H0 p=0.5 vs. H1 p=0.65, alpha=0.05 beta=0.05, Wald-Schranken [-2.9444, +2.9444]
  Block 1 (Seed=173799137, n=25 Paare, 135.0s): kumulativ v15_best 29:21 v15_f2k_best | Paare 25 (A-Sweep b=10 B-Sweep c=6 Split=9) | LLR=+0.484 [-2.944,+2.944] | Bericht-McNemar p=0.4545 | gepaarte Diff +0.320 [-0.307,+0.947]
  Block 2 (Seed=174799137, n=25 Paare, 143.7s): kumulativ v15_best 58:42 v15_f2k_best | Paare 50 (A-Sweep b=18 B-Sweep c=10 Split=22) | LLR=+1.156 [-2.944,+2.944] | Bericht-McNemar p=0.1849 | gepaarte Diff +0.320 [-0.089,+0.729]
  Block 3 (Seed=175799137, n=25 Paare, 122.2s): kumulativ v15_best 82:68 v15_f2k_best | Paare 75 (A-Sweep b=21 B-Sweep c=14 Split=40) | LLR=+0.516 [-2.944,+2.944] | Bericht-McNemar p=0.3105 | gepaarte Diff +0.187 [-0.122,+0.495]
  Block 4 (Seed=176799137, n=25 Paare, 136.1s): kumulativ v15_best 103:97 v15_f2k_best | Paare 100 (A-Sweep b=25 B-Sweep c=22 Split=53) | LLR=-1.288 [-2.944,+2.944] | Bericht-McNemar p=0.7709 | gepaarte Diff +0.060 [-0.210,+0.330]
  Block 5 (Seed=177799137, n=25 Paare, 125.3s): kumulativ v15_best 134:116 v15_f2k_best | Paare 125 (A-Sweep b=35 B-Sweep c=26 Split=64) | LLR=-0.091 [-2.944,+2.944] | Bericht-McNemar p=0.3057 | gepaarte Diff +0.144 [-0.101,+0.389]
  Block 6 (Seed=178799137, n=25 Paare, 134.3s): kumulativ v15_best 165:135 v15_f2k_best | Paare 150 (A-Sweep b=45 B-Sweep c=30 Split=75) | LLR=+1.106 [-2.944,+2.944] | Bericht-McNemar p=0.1053 | gepaarte Diff +0.200 [-0.025,+0.425]
  Block 7 (Seed=179799137, n=25 Paare, 165.3s): kumulativ v15_best 194:156 v15_f2k_best | Paare 175 (A-Sweep b=53 B-Sweep c=34 Split=88) | LLR=+1.778 [-2.944,+2.944] | Bericht-McNemar p=0.0530 | gepaarte Diff +0.217 [+0.010,+0.424]
  Block 8 (Seed=180799137, n=25 Paare, 137.6s): kumulativ v15_best 224:176 v15_f2k_best | Paare 200 (A-Sweep b=61 B-Sweep c=37 Split=102) | LLR=+2.807 [-2.944,+2.944] | Bericht-McNemar p=0.0197 | gepaarte Diff +0.240 [+0.048,+0.432]
  200 Paare (harter Deckel) erreicht OHNE SPRT-Entscheid (LLR=+2.807, Schranken [-2.944,+2.944]) -- Fixed-n-Auswertung unten gilt als Notbehelf.
------------------------------------------------------------
ERGEBNIS: v15_best 224:176 v15_f2k_best (von 400 Spielen, 200 Paaren)
  SPRT-Entscheid: harter Deckel erreicht, KEIN SPRT-Entscheid
  Informative Paare: A-Sweep b=61  B-Sweep c=37  Split=102
  Fixed-n-Bericht-Statistik (NICHT die Stopp-Entscheidung): exakter Paar-Vorzeichentest p=0.0197
  Gepaarte Differenz (A-Siege minus B-Siege pro Paar): +0.240  95%-KI [+0.048, +0.432]
  Hinweis fuers elo_tracker-Protokoll:
    python tools/elo_tracker.py add --player-a v15_best --sims-a 400 --player-b v15_f2k_best --sims-b 400 --wins-a 224 --wins-b 176 --n 400 --comment "Gepaartes Gating (Task #76), SPRT=UNDECIDED_CAP_REACHED, p=0.0197"
Ergebnis gespeichert: evaluations\paired_gating_result_v15_best_vs_v15_f2k_best.json
