📝 Trainings-Manifest geschrieben: 'D:\Archiv\Documents\Projekte\mosaic-AI\models\manifest_train_v15_20260725_065739.json'
📦 Trainingskorpus-Zusammensetzung (nach Versions-Präfix, aus Dateinamen):
    600 Dateien v14b                         (6000 Spiele)
    200 Dateien v12                          (2000 Spiele)
    100 Dateien v10b                         (1940 Spiele)
🧪 Value-Target-Variante (Task #84, rtv-Ablation): 'nortv'
Lade Daten aus 810 Dateien...
Datensatz geladen: 1307950 Züge. (Features pro Zug: 708) — 867.7s
💾 Speichere HDF5-Cache...
✅ Cache gespeichert: D:\Archiv\Documents\Projekte\mosaic-AI\data\.cache_8efe35e5e0bf.h5
Lade Daten aus 90 Dateien...
Datensatz geladen: 145338 Züge. (Features pro Zug: 708) — 67.6s
💾 Speichere HDF5-Cache...
✅ Cache gespeichert: D:\Archiv\Documents\Projekte\mosaic-AI\data\.cache_7ad377feb6da.h5
   Val-Split: 810 Trainings-Dateien / 90 Val-Dateien (1,307,950 / 145,338 Züge)

🚀 Starte PyTorch Training auf: CUDA
🧠 Netz-Architektur: 708→512→512→512
⚙️  Hyperparameter (config.py, ggf. per CLI überschrieben):
   Learning Rate : 5e-05  (Default 0.0004)
   LR-Schedule   : cosine
   Batch Size    : 256
   Value Weight  : 0.2  (Sieg/Niederlage, Aux-Signal fuer den Trunk)
   Points Weight : 0.5  (Punktestand-Prognose, Aux-Signal)
📥 Lade altes Model als Startpunkt: alphazero_v14b_best.pth
   Epochen       : 100
🔄 Warm-Start erkannt: Trainiere für 100 Epochen.
Epoche  1/100 | Policy Loss:   2.24 | Policy-Val= 1.47 | Value: 0.036 | Points: 0.023 | Val-R² Value=0.493 Points=0.570 | LR=5.00e-05
Epoche  2/100 | Policy Loss:   2.21 | Policy-Val= 1.47 | Value: 0.035 | Points: 0.022 | Val-R² Value=0.496 Points=0.571 | LR=5.00e-05
Epoche  3/100 | Policy Loss:   2.19 | Policy-Val= 1.47 | Value: 0.035 | Points: 0.022 | Val-R² Value=0.493 Points=0.570 | LR=5.00e-05
Epoche  4/100 | Policy Loss:   2.17 | Policy-Val= 1.47 | Value: 0.034 | Points: 0.022 | Val-R² Value=0.489 Points=0.565 | LR=4.99e-05
Epoche  5/100 | Policy Loss:   2.15 | Policy-Val= 1.47 | Value: 0.034 | Points: 0.022 | Val-R² Value=0.491 Points=0.566 | LR=4.98e-05
Epoche  6/100 | Policy Loss:   2.13 | Policy-Val= 1.48 | Value: 0.034 | Points: 0.022 | Val-R² Value=0.488 Points=0.564 | LR=4.97e-05
Epoche  7/100 | Policy Loss:   2.11 | Policy-Val= 1.48 | Value: 0.034 | Points: 0.021 | Val-R² Value=0.486 Points=0.561 | LR=4.96e-05
Epoche  8/100 | Policy Loss:   2.09 | Policy-Val= 1.49 | Value: 0.034 | Points: 0.021 | Val-R² Value=0.484 Points=0.557 | LR=4.94e-05
Epoche  9/100 | Policy Loss:   2.07 | Policy-Val= 1.49 | Value: 0.034 | Points: 0.021 | Val-R² Value=0.480 Points=0.554 | LR=4.92e-05
Epoche 10/100 | Policy Loss:   2.05 | Policy-Val= 1.50 | Value: 0.034 | Points: 0.021 | Val-R² Value=0.475 Points=0.552  🟡 VAL-POLICY-PLATEAU | LR=4.90e-05
Epoche 11/100 | Policy Loss:   2.03 | Policy-Val= 1.51 | Value: 0.033 | Points: 0.021 | Val-R² Value=0.475 Points=0.549  🟡 VAL-POLICY-PLATEAU | LR=4.88e-05
Epoche 12/100 | Policy Loss:   2.00 | Policy-Val= 1.51 | Value: 0.033 | Points: 0.021 | Val-R² Value=0.471 Points=0.546  🟡 VAL-POLICY-PLATEAU | LR=4.85e-05
Epoche 13/100 | Policy Loss:   1.98 | Policy-Val= 1.52 | Value: 0.033 | Points: 0.021 | Val-R² Value=0.468 Points=0.544  🟡 VAL-POLICY-PLATEAU | LR=4.82e-05
Epoche 14/100 | Policy Loss:   1.95 | Policy-Val= 1.52 | Value: 0.033 | Points: 0.021 | Val-R² Value=0.468 Points=0.543  🟡 VAL-POLICY-PLATEAU | LR=4.79e-05
Epoche 15/100 | Policy Loss:   1.93 | Policy-Val= 1.53 | Value: 0.033 | Points: 0.021 | Val-R² Value=0.466 Points=0.540  🟡 VAL-POLICY-PLATEAU | LR=4.76e-05

⏹️  Early Stopping: VAL-POLICY-PLATEAU seit Epoche 10 (5 Epochen ohne Fortschritt).

=======================================================
  TRAINING SUMMARY
=======================================================
  Epochen:       100
  Züge:          1,307,950  (+145,338 Val, nie trainiert)
  Batches/Epoche:5109
───────────────────────────────────────────────────────
  Policy Loss:   1.9279 / 6.01 max  (32.1%)  🟡 Gut
  Value Loss:    0.0334  (Aux, Sieg/Niederlage +1/-1, Training)
  Points Loss:   0.0214  (Aux, Punktestand-Prognose, Training)
  Policy Val-Loss: 1.5286  (Gap ggü. Train: -0.3993)
  Value Val-Loss:  0.0379  (Val-R²: 0.4662)
  Points Val-Loss: 0.0244  (Val-R²: 0.5395)
───────────────────────────────────────────────────────
  ⏹️  Early Stopping (Policy-Plateau) nach Epoche 15/100
  🟡 Plateau ab Epoche 10.
     → Für nächste Generation: mehr Sims im Self-Play.
=======================================================

=======================================================
  NETZAUSLASTUNG (Hidden Size: 512)
───────────────────────────────────────────────────────
  Schicht          Dead   Aktiv-Rate        Eff.Rank
  ───────────────────────────────────────────────────
  layer1     0/512 (0%)          47%   216/512 (42%)
  layer2     0/512 (0%)          48%   211/512 (41%)
  layer3    12/512 (2%)          44%   185/512 (36%)
  ───────────────────────────────────────────────────
  🟢 Gesunde Auslastung (Dead 1%, Rank 40%).
=======================================================

✅ Training beendet! Neues Model gespeichert unter:
📂 D:\Archiv\Documents\Projekte\mosaic-AI\models\alphazero_v15.pth
⭐ Bestes Modell (Epoche 2, val_combined(p+v*value_w+pts*points_w)=1.4839) zusätzlich gespeichert unter:
📂 D:\Archiv\Documents\Projekte\mosaic-AI\models\alphazero_v15_best.pth
📈 Loss-Verlauf gespeichert unter:
📂 D:\Archiv\Documents\Projekte\mosaic-AI\models\alphazero_v15_loss.png
✅ Exportiert: D:\Archiv\Documents\Projekte\mosaic-AI\models\alphazero_v15.onnx  (input=708, hidden=512, opset=13)
📎 Referenz für Rust-Parität: D:\Archiv\Documents\Projekte\mosaic-AI\models\alphazero_v15.onnx.ref.txt
✅ Exportiert: D:\Archiv\Documents\Projekte\mosaic-AI\models\alphazero_v15_best.onnx  (input=708, hidden=512, opset=13)
📎 Referenz für Rust-Parität: D:\Archiv\Documents\Projekte\mosaic-AI\models\alphazero_v15_best.onnx.ref.txt
💾 Modell-Snapshot gesichert: C:\Users\Patrick\OneDrive\Backups\mosaic-AI\models_snapshots\models_2026-07-25_0737_v15.zip (54 MB)
