📝 Trainings-Manifest geschrieben: 'D:\Archiv\Documents\Projekte\mosaic-AI\models\manifest_train_v15_f2k_20260725_073938.json'
📦 Trainingskorpus-Zusammensetzung (nach Versions-Präfix, aus Dateinamen):
    200 Dateien v12                          (2000 Spiele)
    200 Dateien v14b                         (5990 Spiele)
    100 Dateien v10b                         (1940 Spiele)
🧪 Value-Target-Variante (Task #84, rtv-Ablation): 'nortv'
Lade Daten aus 450 Dateien...
Datensatz geladen: 726574 Züge. (Features pro Zug: 708) — 313.5s
💾 Speichere HDF5-Cache...
✅ Cache gespeichert: D:\Archiv\Documents\Projekte\mosaic-AI\data\.cache_9adc285d9252.h5
Lade Daten aus 50 Dateien...
Datensatz geladen: 80725 Züge. (Features pro Zug: 708) — 36.0s
💾 Speichere HDF5-Cache...
✅ Cache gespeichert: D:\Archiv\Documents\Projekte\mosaic-AI\data\.cache_46d1bb35d5cf.h5
   Val-Split: 450 Trainings-Dateien / 50 Val-Dateien (726,574 / 80,725 Züge)

🚀 Starte PyTorch Training auf: CUDA
🧠 Netz-Architektur: 708→512→512→512
⚙️  Hyperparameter (config.py, ggf. per CLI überschrieben):
   Learning Rate : 5e-05  (Default 0.0004)
   LR-Schedule   : cosine
   Batch Size    : 256
   Value Weight  : 0.2  (Sieg/Niederlage, Aux-Signal fuer den Trunk)
   Points Weight : 0.5  (Punktestand-Prognose, Aux-Signal)
📥 Lade altes Model als Startpunkt: alphazero_v14b_best.pth
   Epochen       : 100
🔄 Warm-Start erkannt: Trainiere für 100 Epochen.
Epoche  1/100 | Policy Loss:   2.25 | Policy-Val= 1.48 | Value: 0.033 | Points: 0.021 | Val-R² Value=0.551 Points=0.628 | LR=5.00e-05
Epoche  2/100 | Policy Loss:   2.22 | Policy-Val= 1.48 | Value: 0.033 | Points: 0.021 | Val-R² Value=0.546 Points=0.624 | LR=5.00e-05
Epoche  3/100 | Policy Loss:   2.20 | Policy-Val= 1.48 | Value: 0.032 | Points: 0.020 | Val-R² Value=0.541 Points=0.622 | LR=5.00e-05
Epoche  4/100 | Policy Loss:   2.18 | Policy-Val= 1.49 | Value: 0.032 | Points: 0.020 | Val-R² Value=0.535 Points=0.615 | LR=4.99e-05
Epoche  5/100 | Policy Loss:   2.15 | Policy-Val= 1.49 | Value: 0.031 | Points: 0.020 | Val-R² Value=0.532 Points=0.612 | LR=4.98e-05
Epoche  6/100 | Policy Loss:   2.13 | Policy-Val= 1.50 | Value: 0.031 | Points: 0.020 | Val-R² Value=0.526 Points=0.607 | LR=4.97e-05
Epoche  7/100 | Policy Loss:   2.11 | Policy-Val= 1.51 | Value: 0.031 | Points: 0.020 | Val-R² Value=0.524 Points=0.603 | LR=4.96e-05
Epoche  8/100 | Policy Loss:   2.08 | Policy-Val= 1.52 | Value: 0.031 | Points: 0.020 | Val-R² Value=0.517 Points=0.598 | LR=4.94e-05
Epoche  9/100 | Policy Loss:   2.05 | Policy-Val= 1.52 | Value: 0.031 | Points: 0.020 | Val-R² Value=0.514 Points=0.594 | LR=4.92e-05
Epoche 10/100 | Policy Loss:   2.02 | Policy-Val= 1.53 | Value: 0.031 | Points: 0.020 | Val-R² Value=0.511 Points=0.590  🟡 VAL-POLICY-PLATEAU | LR=4.90e-05
Epoche 11/100 | Policy Loss:   1.99 | Policy-Val= 1.54 | Value: 0.031 | Points: 0.020 | Val-R² Value=0.510 Points=0.586  🟡 VAL-POLICY-PLATEAU | LR=4.88e-05
Epoche 12/100 | Policy Loss:   1.96 | Policy-Val= 1.54 | Value: 0.031 | Points: 0.020 | Val-R² Value=0.507 Points=0.584  🟡 VAL-POLICY-PLATEAU | LR=4.85e-05
Epoche 13/100 | Policy Loss:   1.93 | Policy-Val= 1.55 | Value: 0.031 | Points: 0.020 | Val-R² Value=0.501 Points=0.579  🟡 VAL-POLICY-PLATEAU | LR=4.82e-05
Epoche 14/100 | Policy Loss:   1.89 | Policy-Val= 1.56 | Value: 0.031 | Points: 0.020 | Val-R² Value=0.500 Points=0.576  🟡 VAL-POLICY-PLATEAU | LR=4.79e-05
Epoche 15/100 | Policy Loss:   1.86 | Policy-Val= 1.57 | Value: 0.031 | Points: 0.020 | Val-R² Value=0.495 Points=0.573  🟡 VAL-POLICY-PLATEAU | LR=4.76e-05

⏹️  Early Stopping: VAL-POLICY-PLATEAU seit Epoche 10 (5 Epochen ohne Fortschritt).

=======================================================
  TRAINING SUMMARY
=======================================================
  Epochen:       100
  Züge:          726,574  (+80,725 Val, nie trainiert)
  Batches/Epoche:2838
───────────────────────────────────────────────────────
  Policy Loss:   1.8636 / 6.01 max  (31.0%)  🟡 Gut
  Value Loss:    0.0310  (Aux, Sieg/Niederlage +1/-1, Training)
  Points Loss:   0.0199  (Aux, Punktestand-Prognose, Training)
  Policy Val-Loss: 1.5689  (Gap ggü. Train: -0.2948)
  Value Val-Loss:  0.0373  (Val-R²: 0.4953)
  Points Val-Loss: 0.0237  (Val-R²: 0.5733)
───────────────────────────────────────────────────────
  ⏹️  Early Stopping (Policy-Plateau) nach Epoche 15/100
  🟡 Plateau ab Epoche 10.
     → Für nächste Generation: mehr Sims im Self-Play.
=======================================================

=======================================================
  NETZAUSLASTUNG (Hidden Size: 512)
───────────────────────────────────────────────────────
  Schicht          Dead   Aktiv-Rate        Eff.Rank
  ───────────────────────────────────────────────────
  layer1     0/512 (0%)          48%   215/512 (42%)
  layer2     0/512 (0%)          48%   211/512 (41%)
  layer3     8/512 (2%)          47%   182/512 (36%)
  ───────────────────────────────────────────────────
  🟢 Gesunde Auslastung (Dead 1%, Rank 40%).
=======================================================

✅ Training beendet! Neues Model gespeichert unter:
📂 D:\Archiv\Documents\Projekte\mosaic-AI\models\alphazero_v15_f2k.pth
⭐ Bestes Modell (Epoche 1, val_combined(p+v*value_w+pts*points_w)=1.4954) zusätzlich gespeichert unter:
📂 D:\Archiv\Documents\Projekte\mosaic-AI\models\alphazero_v15_f2k_best.pth
📈 Loss-Verlauf gespeichert unter:
📂 D:\Archiv\Documents\Projekte\mosaic-AI\models\alphazero_v15_f2k_loss.png
✅ Exportiert: D:\Archiv\Documents\Projekte\mosaic-AI\models\alphazero_v15_f2k.onnx  (input=708, hidden=512, opset=13)
📎 Referenz für Rust-Parität: D:\Archiv\Documents\Projekte\mosaic-AI\models\alphazero_v15_f2k.onnx.ref.txt
✅ Exportiert: D:\Archiv\Documents\Projekte\mosaic-AI\models\alphazero_v15_f2k_best.onnx  (input=708, hidden=512, opset=13)
📎 Referenz für Rust-Parität: D:\Archiv\Documents\Projekte\mosaic-AI\models\alphazero_v15_f2k_best.onnx.ref.txt
💾 Modell-Snapshot gesichert: C:\Users\Patrick\OneDrive\Backups\mosaic-AI\models_snapshots\models_2026-07-25_0756_v15_f2k.zip (72 MB)
